04-Apr-2026 16:52:33.543 INFO [main] org.apache.catalina.startup.VersionLoggerListener.log Server version name:   Apache Tomcat/9.0.115
04-Apr-2026 16:52:33.550 INFO [main] org.apache.catalina.startup.VersionLoggerListener.log Server built:          Jan 21 2026 08:17:26 UTC
04-Apr-2026 16:52:33.550 INFO [main] org.apache.catalina.startup.VersionLoggerListener.log Server version number: 9.0.115.0
04-Apr-2026 16:52:33.551 INFO [main] org.apache.catalina.startup.VersionLoggerListener.log OS Name:               Windows 10
04-Apr-2026 16:52:33.551 INFO [main] org.apache.catalina.startup.VersionLoggerListener.log OS Version:            10.0
04-Apr-2026 16:52:33.551 INFO [main] org.apache.catalina.startup.VersionLoggerListener.log Architecture:          amd64
04-Apr-2026 16:52:33.551 INFO [main] org.apache.catalina.startup.VersionLoggerListener.log Java Home:             D:\housys\newwork\JAVA_2512\JAVA_2512\dist\client\FingerprintClient_IDSL_DEVICEFIX\app\jre
04-Apr-2026 16:52:33.551 INFO [main] org.apache.catalina.startup.VersionLoggerListener.log JVM Version:           1.8.0_202-b08
04-Apr-2026 16:52:33.551 INFO [main] org.apache.catalina.startup.VersionLoggerListener.log JVM Vendor:            Oracle Corporation
04-Apr-2026 16:52:33.551 INFO [main] org.apache.catalina.startup.VersionLoggerListener.log CATALINA_BASE:         D:\housys\newwork\JAVA_2512\JAVA_2512\dist\client\FingerprintClient_IDSL_DEVICEFIX\app\tomcat
04-Apr-2026 16:52:33.551 INFO [main] org.apache.catalina.startup.VersionLoggerListener.log CATALINA_HOME:         D:\housys\newwork\JAVA_2512\JAVA_2512\dist\client\FingerprintClient_IDSL_DEVICEFIX\app\tomcat
04-Apr-2026 16:52:33.609 INFO [main] org.apache.catalina.startup.VersionLoggerListener.log Command line argument: -Djava.util.logging.config.file=D:\housys\newwork\JAVA_2512\JAVA_2512\dist\client\FingerprintClient_IDSL_DEVICEFIX\app\tomcat\conf\logging.properties
04-Apr-2026 16:52:33.609 INFO [main] org.apache.catalina.startup.VersionLoggerListener.log Command line argument: -Djava.util.logging.manager=org.apache.juli.ClassLoaderLogManager
04-Apr-2026 16:52:33.609 INFO [main] org.apache.catalina.startup.VersionLoggerListener.log Command line argument: -Djava.library.path=D:\housys\newwork\JAVA_2512\JAVA_2512\dist\client\FingerprintClient_IDSL_DEVICEFIX\app\tomcat\bin
04-Apr-2026 16:52:33.609 INFO [main] org.apache.catalina.startup.VersionLoggerListener.log Command line argument: -Dsqlserver.auth.dll.path=D:\housys\newwork\JAVA_2512\JAVA_2512\dist\client\FingerprintClient_IDSL_DEVICEFIX\app\tomcat\bin\mssql-jdbc_auth-13.2.1.x64.dll
04-Apr-2026 16:52:33.609 INFO [main] org.apache.catalina.startup.VersionLoggerListener.log Command line argument: -Djdk.tls.ephemeralDHKeySize=2048
04-Apr-2026 16:52:33.609 INFO [main] org.apache.catalina.startup.VersionLoggerListener.log Command line argument: -Djava.protocol.handler.pkgs=org.apache.catalina.webresources
04-Apr-2026 16:52:33.609 INFO [main] org.apache.catalina.startup.VersionLoggerListener.log Command line argument: -Dsun.io.useCanonCaches=false
04-Apr-2026 16:52:33.609 INFO [main] org.apache.catalina.startup.VersionLoggerListener.log Command line argument: -Dignore.endorsed.dirs=
04-Apr-2026 16:52:33.609 INFO [main] org.apache.catalina.startup.VersionLoggerListener.log Command line argument: -Dcatalina.base=D:\housys\newwork\JAVA_2512\JAVA_2512\dist\client\FingerprintClient_IDSL_DEVICEFIX\app\tomcat
04-Apr-2026 16:52:33.609 INFO [main] org.apache.catalina.startup.VersionLoggerListener.log Command line argument: -Dcatalina.home=D:\housys\newwork\JAVA_2512\JAVA_2512\dist\client\FingerprintClient_IDSL_DEVICEFIX\app\tomcat
04-Apr-2026 16:52:33.609 INFO [main] org.apache.catalina.startup.VersionLoggerListener.log Command line argument: -Djava.io.tmpdir=D:\housys\newwork\JAVA_2512\JAVA_2512\dist\client\FingerprintClient_IDSL_DEVICEFIX\app\tomcat\temp
04-Apr-2026 16:52:33.705 INFO [main] org.apache.catalina.core.AprLifecycleListener.lifecycleEvent Loaded Apache Tomcat Native library [1.3.5] using APR version [1.7.6].
04-Apr-2026 16:52:33.705 INFO [main] org.apache.catalina.core.AprLifecycleListener.lifecycleEvent APR capabilities: IPv6 [true], sendfile [true], accept filters [false], random [true], UDS [true].
04-Apr-2026 16:52:33.705 INFO [main] org.apache.catalina.core.AprLifecycleListener.lifecycleEvent APR/OpenSSL configuration: useAprConnector [false], useOpenSSL [true]
04-Apr-2026 16:52:33.722 INFO [main] org.apache.catalina.core.AprLifecycleListener.initializeSSL OpenSSL successfully initialized [OpenSSL 3.0.18 30 Sep 2025]
04-Apr-2026 16:52:34.318 INFO [main] org.apache.coyote.AbstractProtocol.init Initializing ProtocolHandler ["http-nio-8080"]
04-Apr-2026 16:52:34.349 INFO [main] org.apache.catalina.startup.Catalina.load Server initialization in [1125] milliseconds
04-Apr-2026 16:52:36.301 INFO [main] org.apache.catalina.startup.VersionLoggerListener.log Server version name:   Apache Tomcat/9.0.115
04-Apr-2026 16:52:36.308 INFO [main] org.apache.catalina.startup.VersionLoggerListener.log Server built:          Jan 21 2026 08:17:26 UTC
04-Apr-2026 16:52:36.308 INFO [main] org.apache.catalina.startup.VersionLoggerListener.log Server version number: 9.0.115.0
04-Apr-2026 16:52:36.308 INFO [main] org.apache.catalina.startup.VersionLoggerListener.log OS Name:               Windows 10
04-Apr-2026 16:52:36.308 INFO [main] org.apache.catalina.startup.VersionLoggerListener.log OS Version:            10.0
04-Apr-2026 16:52:36.308 INFO [main] org.apache.catalina.startup.VersionLoggerListener.log Architecture:          amd64
04-Apr-2026 16:52:36.309 INFO [main] org.apache.catalina.startup.VersionLoggerListener.log Java Home:             D:\housys\newwork\JAVA_2512\JAVA_2512\dist\client\FingerprintClient_IDSL_DEVICEFIX\app\jre
04-Apr-2026 16:52:36.309 INFO [main] org.apache.catalina.startup.VersionLoggerListener.log JVM Version:           1.8.0_202-b08
04-Apr-2026 16:52:36.309 INFO [main] org.apache.catalina.startup.VersionLoggerListener.log JVM Vendor:            Oracle Corporation
04-Apr-2026 16:52:36.309 INFO [main] org.apache.catalina.startup.VersionLoggerListener.log CATALINA_BASE:         D:\housys\newwork\JAVA_2512\JAVA_2512\dist\client\FingerprintClient_IDSL_DEVICEFIX\app\tomcat
04-Apr-2026 16:52:36.309 INFO [main] org.apache.catalina.startup.VersionLoggerListener.log CATALINA_HOME:         D:\housys\newwork\JAVA_2512\JAVA_2512\dist\client\FingerprintClient_IDSL_DEVICEFIX\app\tomcat
04-Apr-2026 16:52:36.316 INFO [main] org.apache.catalina.startup.VersionLoggerListener.log Command line argument: -Djava.util.logging.config.file=D:\housys\newwork\JAVA_2512\JAVA_2512\dist\client\FingerprintClient_IDSL_DEVICEFIX\app\tomcat\conf\logging.properties
04-Apr-2026 16:52:36.316 INFO [main] org.apache.catalina.startup.VersionLoggerListener.log Command line argument: -Djava.util.logging.manager=org.apache.juli.ClassLoaderLogManager
04-Apr-2026 16:52:36.316 INFO [main] org.apache.catalina.startup.VersionLoggerListener.log Command line argument: -Djava.library.path=D:\housys\newwork\JAVA_2512\JAVA_2512\dist\client\FingerprintClient_IDSL_DEVICEFIX\app\tomcat\bin
04-Apr-2026 16:52:36.316 INFO [main] org.apache.catalina.startup.VersionLoggerListener.log Command line argument: -Dsqlserver.auth.dll.path=D:\housys\newwork\JAVA_2512\JAVA_2512\dist\client\FingerprintClient_IDSL_DEVICEFIX\app\tomcat\bin\mssql-jdbc_auth-13.2.1.x64.dll
04-Apr-2026 16:52:36.316 INFO [main] org.apache.catalina.startup.VersionLoggerListener.log Command line argument: -Djdk.tls.ephemeralDHKeySize=2048
04-Apr-2026 16:52:36.316 INFO [main] org.apache.catalina.startup.VersionLoggerListener.log Command line argument: -Djava.protocol.handler.pkgs=org.apache.catalina.webresources
04-Apr-2026 16:52:36.318 INFO [main] org.apache.catalina.startup.VersionLoggerListener.log Command line argument: -Dsun.io.useCanonCaches=false
04-Apr-2026 16:52:36.318 INFO [main] org.apache.catalina.startup.VersionLoggerListener.log Command line argument: -Djava.library.path=D:\housys\newwork\JAVA_2512\JAVA_2512\dist\client\FingerprintClient_IDSL_DEVICEFIX\app\tomcat\bin
04-Apr-2026 16:52:36.318 INFO [main] org.apache.catalina.startup.VersionLoggerListener.log Command line argument: -Dsqlserver.auth.dll.path=D:\housys\newwork\JAVA_2512\JAVA_2512\dist\client\FingerprintClient_IDSL_DEVICEFIX\app\tomcat\bin\mssql-jdbc_auth-13.2.1.x64.dll
04-Apr-2026 16:52:36.318 INFO [main] org.apache.catalina.startup.VersionLoggerListener.log Command line argument: -Dignore.endorsed.dirs=
04-Apr-2026 16:52:36.318 INFO [main] org.apache.catalina.startup.VersionLoggerListener.log Command line argument: -Dcatalina.base=D:\housys\newwork\JAVA_2512\JAVA_2512\dist\client\FingerprintClient_IDSL_DEVICEFIX\app\tomcat
04-Apr-2026 16:52:36.318 INFO [main] org.apache.catalina.startup.VersionLoggerListener.log Command line argument: -Dcatalina.home=D:\housys\newwork\JAVA_2512\JAVA_2512\dist\client\FingerprintClient_IDSL_DEVICEFIX\app\tomcat
04-Apr-2026 16:52:36.318 INFO [main] org.apache.catalina.startup.VersionLoggerListener.log Command line argument: -Djava.io.tmpdir=D:\housys\newwork\JAVA_2512\JAVA_2512\dist\client\FingerprintClient_IDSL_DEVICEFIX\app\tomcat\temp
04-Apr-2026 16:52:36.332 INFO [main] org.apache.catalina.core.AprLifecycleListener.lifecycleEvent Loaded Apache Tomcat Native library [1.3.5] using APR version [1.7.6].
04-Apr-2026 16:52:36.333 INFO [main] org.apache.catalina.core.AprLifecycleListener.lifecycleEvent APR capabilities: IPv6 [true], sendfile [true], accept filters [false], random [true], UDS [true].
04-Apr-2026 16:52:36.333 INFO [main] org.apache.catalina.core.AprLifecycleListener.lifecycleEvent APR/OpenSSL configuration: useAprConnector [false], useOpenSSL [true]
04-Apr-2026 16:52:36.352 INFO [main] org.apache.catalina.core.AprLifecycleListener.initializeSSL OpenSSL successfully initialized [OpenSSL 3.0.18 30 Sep 2025]
04-Apr-2026 16:52:36.831 INFO [main] org.apache.coyote.AbstractProtocol.init Initializing ProtocolHandler ["http-nio-8080"]
04-Apr-2026 16:52:36.860 INFO [main] org.apache.catalina.startup.Catalina.load Server initialization in [862] milliseconds
04-Apr-2026 16:52:36.903 INFO [main] org.apache.catalina.core.StandardService.startInternal Starting service [Catalina]
04-Apr-2026 16:52:36.905 INFO [main] org.apache.catalina.core.StandardEngine.startInternal Starting Servlet engine: [Apache Tomcat/9.0.115]
04-Apr-2026 16:52:36.938 INFO [main] org.apache.catalina.startup.HostConfig.deployWAR Deploying web application archive [D:\housys\newwork\JAVA_2512\JAVA_2512\dist\client\FingerprintClient_IDSL_DEVICEFIX\app\tomcat\webapps\demo.war]
04-Apr-2026 16:52:45.827 INFO [main] org.apache.jasper.servlet.TldScanner.scanJars At least one JAR was scanned for TLDs yet contained no TLDs. Enable debug logging for this logger for a complete list of JARs that were scanned but no TLDs were found in them. Skipping unneeded JARs during scanning can improve startup time and JSP compilation time.
04-Apr-2026 16:52:53.574 INFO [main] org.apache.catalina.startup.HostConfig.deployWAR Deployment of web application archive [D:\housys\newwork\JAVA_2512\JAVA_2512\dist\client\FingerprintClient_IDSL_DEVICEFIX\app\tomcat\webapps\demo.war] has finished in [16,633] ms
04-Apr-2026 16:52:53.575 INFO [main] org.apache.catalina.startup.HostConfig.deployDirectory Deploying web application directory [D:\housys\newwork\JAVA_2512\JAVA_2512\dist\client\FingerprintClient_IDSL_DEVICEFIX\app\tomcat\webapps\docs]
04-Apr-2026 16:52:53.667 INFO [main] org.apache.catalina.startup.HostConfig.deployDirectory Deployment of web application directory [D:\housys\newwork\JAVA_2512\JAVA_2512\dist\client\FingerprintClient_IDSL_DEVICEFIX\app\tomcat\webapps\docs] has finished in [93] ms
04-Apr-2026 16:52:53.667 INFO [main] org.apache.catalina.startup.HostConfig.deployDirectory Deploying web application directory [D:\housys\newwork\JAVA_2512\JAVA_2512\dist\client\FingerprintClient_IDSL_DEVICEFIX\app\tomcat\webapps\examples]
04-Apr-2026 16:52:54.700 INFO [main] org.apache.catalina.startup.HostConfig.deployDirectory Deployment of web application directory [D:\housys\newwork\JAVA_2512\JAVA_2512\dist\client\FingerprintClient_IDSL_DEVICEFIX\app\tomcat\webapps\examples] has finished in [1,032] ms
04-Apr-2026 16:52:54.700 INFO [main] org.apache.catalina.startup.HostConfig.deployDirectory Deploying web application directory [D:\housys\newwork\JAVA_2512\JAVA_2512\dist\client\FingerprintClient_IDSL_DEVICEFIX\app\tomcat\webapps\host-manager]
04-Apr-2026 16:52:54.781 INFO [main] org.apache.catalina.startup.HostConfig.deployDirectory Deployment of web application directory [D:\housys\newwork\JAVA_2512\JAVA_2512\dist\client\FingerprintClient_IDSL_DEVICEFIX\app\tomcat\webapps\host-manager] has finished in [81] ms
04-Apr-2026 16:52:54.782 INFO [main] org.apache.catalina.startup.HostConfig.deployDirectory Deploying web application directory [D:\housys\newwork\JAVA_2512\JAVA_2512\dist\client\FingerprintClient_IDSL_DEVICEFIX\app\tomcat\webapps\manager]
04-Apr-2026 16:52:54.867 INFO [main] org.apache.catalina.startup.HostConfig.deployDirectory Deployment of web application directory [D:\housys\newwork\JAVA_2512\JAVA_2512\dist\client\FingerprintClient_IDSL_DEVICEFIX\app\tomcat\webapps\manager] has finished in [85] ms
04-Apr-2026 16:52:54.867 INFO [main] org.apache.catalina.startup.HostConfig.deployDirectory Deploying web application directory [D:\housys\newwork\JAVA_2512\JAVA_2512\dist\client\FingerprintClient_IDSL_DEVICEFIX\app\tomcat\webapps\ROOT]
04-Apr-2026 16:52:54.922 INFO [main] org.apache.catalina.startup.HostConfig.deployDirectory Deployment of web application directory [D:\housys\newwork\JAVA_2512\JAVA_2512\dist\client\FingerprintClient_IDSL_DEVICEFIX\app\tomcat\webapps\ROOT] has finished in [55] ms
04-Apr-2026 16:52:54.928 INFO [main] org.apache.coyote.AbstractProtocol.start Starting ProtocolHandler ["http-nio-8080"]
04-Apr-2026 16:52:54.949 INFO [main] org.apache.catalina.startup.Catalina.start Server startup in [18087] milliseconds
04-Apr-2026 16:55:58.411 INFO [main] org.apache.catalina.core.StandardServer.await A valid shutdown command was received via the shutdown port. Stopping the Server instance.
04-Apr-2026 16:55:58.411 INFO [main] org.apache.coyote.AbstractProtocol.pause Pausing ProtocolHandler ["http-nio-8080"]
04-Apr-2026 16:55:58.614 INFO [main] org.apache.catalina.core.StandardService.stopInternal Stopping service [Catalina]
04-Apr-2026 16:55:58.748 WARNING [main] org.apache.catalina.loader.WebappClassLoaderBase.clearReferencesJdbc The web application [demo] registered the JDBC driver [com.microsoft.sqlserver.jdbc.SQLServerDriver] but failed to unregister it when the web application was stopped. To prevent a memory leak, the JDBC Driver has been forcibly unregistered.
04-Apr-2026 16:55:58.749 WARNING [main] org.apache.catalina.loader.WebappClassLoaderBase.clearReferencesThreads The web application [demo] appears to have started a thread named [Timer-0] but has failed to stop it. This is very likely to create a memory leak. Stack trace of thread:
 java.lang.Object.wait(Native Method)
 java.util.TimerThread.mainLoop(Unknown Source)
 java.util.TimerThread.run(Unknown Source)
04-Apr-2026 16:55:58.759 INFO [main] org.apache.coyote.AbstractProtocol.stop Stopping ProtocolHandler ["http-nio-8080"]
04-Apr-2026 16:55:58.775 INFO [main] org.apache.coyote.AbstractProtocol.destroy Destroying ProtocolHandler ["http-nio-8080"]
04-Apr-2026 17:57:35.618 INFO [main] org.apache.catalina.startup.VersionLoggerListener.log Server version name:   Apache Tomcat/9.0.115
04-Apr-2026 17:57:35.626 INFO [main] org.apache.catalina.startup.VersionLoggerListener.log Server built:          Jan 21 2026 08:17:26 UTC
04-Apr-2026 17:57:35.627 INFO [main] org.apache.catalina.startup.VersionLoggerListener.log Server version number: 9.0.115.0
04-Apr-2026 17:57:35.627 INFO [main] org.apache.catalina.startup.VersionLoggerListener.log OS Name:               Windows 10
04-Apr-2026 17:57:35.627 INFO [main] org.apache.catalina.startup.VersionLoggerListener.log OS Version:            10.0
04-Apr-2026 17:57:35.627 INFO [main] org.apache.catalina.startup.VersionLoggerListener.log Architecture:          amd64
04-Apr-2026 17:57:35.627 INFO [main] org.apache.catalina.startup.VersionLoggerListener.log Java Home:             D:\housys\newwork\JAVA_2512\JAVA_2512\dist\client\FingerprintClient_IDSL_DEVICEFIX\app\jre
04-Apr-2026 17:57:35.627 INFO [main] org.apache.catalina.startup.VersionLoggerListener.log JVM Version:           1.8.0_202-b08
04-Apr-2026 17:57:35.627 INFO [main] org.apache.catalina.startup.VersionLoggerListener.log JVM Vendor:            Oracle Corporation
04-Apr-2026 17:57:35.627 INFO [main] org.apache.catalina.startup.VersionLoggerListener.log CATALINA_BASE:         D:\housys\newwork\JAVA_2512\JAVA_2512\dist\client\FingerprintClient_IDSL_DEVICEFIX\app\tomcat
04-Apr-2026 17:57:35.628 INFO [main] org.apache.catalina.startup.VersionLoggerListener.log CATALINA_HOME:         D:\housys\newwork\JAVA_2512\JAVA_2512\dist\client\FingerprintClient_IDSL_DEVICEFIX\app\tomcat
04-Apr-2026 17:57:35.673 INFO [main] org.apache.catalina.startup.VersionLoggerListener.log Command line argument: -Djava.util.logging.config.file=D:\housys\newwork\JAVA_2512\JAVA_2512\dist\client\FingerprintClient_IDSL_DEVICEFIX\app\tomcat\conf\logging.properties
04-Apr-2026 17:57:35.673 INFO [main] org.apache.catalina.startup.VersionLoggerListener.log Command line argument: -Djava.util.logging.manager=org.apache.juli.ClassLoaderLogManager
04-Apr-2026 17:57:35.673 INFO [main] org.apache.catalina.startup.VersionLoggerListener.log Command line argument: -Djava.library.path=D:\housys\newwork\JAVA_2512\JAVA_2512\dist\client\FingerprintClient_IDSL_DEVICEFIX\app\tomcat\bin
04-Apr-2026 17:57:35.673 INFO [main] org.apache.catalina.startup.VersionLoggerListener.log Command line argument: -Dsqlserver.auth.dll.path=D:\housys\newwork\JAVA_2512\JAVA_2512\dist\client\FingerprintClient_IDSL_DEVICEFIX\app\tomcat\bin\mssql-jdbc_auth-13.2.1.x64.dll
04-Apr-2026 17:57:35.673 INFO [main] org.apache.catalina.startup.VersionLoggerListener.log Command line argument: -Djdk.tls.ephemeralDHKeySize=2048
04-Apr-2026 17:57:35.673 INFO [main] org.apache.catalina.startup.VersionLoggerListener.log Command line argument: -Djava.protocol.handler.pkgs=org.apache.catalina.webresources
04-Apr-2026 17:57:35.674 INFO [main] org.apache.catalina.startup.VersionLoggerListener.log Command line argument: -Dsun.io.useCanonCaches=false
04-Apr-2026 17:57:35.674 INFO [main] org.apache.catalina.startup.VersionLoggerListener.log Command line argument: -Dignore.endorsed.dirs=
04-Apr-2026 17:57:35.674 INFO [main] org.apache.catalina.startup.VersionLoggerListener.log Command line argument: -Dcatalina.base=D:\housys\newwork\JAVA_2512\JAVA_2512\dist\client\FingerprintClient_IDSL_DEVICEFIX\app\tomcat
04-Apr-2026 17:57:35.674 INFO [main] org.apache.catalina.startup.VersionLoggerListener.log Command line argument: -Dcatalina.home=D:\housys\newwork\JAVA_2512\JAVA_2512\dist\client\FingerprintClient_IDSL_DEVICEFIX\app\tomcat
04-Apr-2026 17:57:35.674 INFO [main] org.apache.catalina.startup.VersionLoggerListener.log Command line argument: -Djava.io.tmpdir=D:\housys\newwork\JAVA_2512\JAVA_2512\dist\client\FingerprintClient_IDSL_DEVICEFIX\app\tomcat\temp
04-Apr-2026 17:57:35.733 INFO [main] org.apache.catalina.core.AprLifecycleListener.lifecycleEvent Loaded Apache Tomcat Native library [1.3.5] using APR version [1.7.6].
04-Apr-2026 17:57:35.733 INFO [main] org.apache.catalina.core.AprLifecycleListener.lifecycleEvent APR capabilities: IPv6 [true], sendfile [true], accept filters [false], random [true], UDS [true].
04-Apr-2026 17:57:35.734 INFO [main] org.apache.catalina.core.AprLifecycleListener.lifecycleEvent APR/OpenSSL configuration: useAprConnector [false], useOpenSSL [true]
04-Apr-2026 17:57:35.752 INFO [main] org.apache.catalina.core.AprLifecycleListener.initializeSSL OpenSSL successfully initialized [OpenSSL 3.0.18 30 Sep 2025]
04-Apr-2026 17:57:36.331 INFO [main] org.apache.coyote.AbstractProtocol.init Initializing ProtocolHandler ["http-nio-8080"]
04-Apr-2026 17:57:36.350 SEVERE [main] org.apache.catalina.util.LifecycleBase.handleSubClassException Failed to initialize component [Connector["http-nio-8080"]]
	org.apache.catalina.LifecycleException: Protocol handler initialization failed
		at org.apache.catalina.connector.Connector.initInternal(Connector.java:1084)
		at org.apache.catalina.util.LifecycleBase.init(LifecycleBase.java:122)
		at org.apache.catalina.core.StandardService.initInternal(StandardService.java:520)
		at org.apache.catalina.util.LifecycleBase.init(LifecycleBase.java:122)
		at org.apache.catalina.core.StandardServer.initInternal(StandardServer.java:984)
		at org.apache.catalina.util.LifecycleBase.init(LifecycleBase.java:122)
		at org.apache.catalina.startup.Catalina.load(Catalina.java:687)
		at org.apache.catalina.startup.Catalina.load(Catalina.java:710)
		at sun.reflect.NativeMethodAccessorImpl.invoke0(Native Method)
		at sun.reflect.NativeMethodAccessorImpl.invoke(Unknown Source)
		at sun.reflect.DelegatingMethodAccessorImpl.invoke(Unknown Source)
		at java.lang.reflect.Method.invoke(Unknown Source)
		at org.apache.catalina.startup.Bootstrap.load(Bootstrap.java:299)
		at org.apache.catalina.startup.Bootstrap.main(Bootstrap.java:482)
	Caused by: java.net.BindException: Address already in use: bind
		at sun.nio.ch.Net.bind0(Native Method)
		at sun.nio.ch.Net.bind(Unknown Source)
		at sun.nio.ch.Net.bind(Unknown Source)
		at sun.nio.ch.ServerSocketChannelImpl.bind(Unknown Source)
		at org.apache.tomcat.util.net.NioEndpoint.initServerSocket(NioEndpoint.java:296)
		at org.apache.tomcat.util.net.NioEndpoint.bind(NioEndpoint.java:251)
		at org.apache.tomcat.util.net.AbstractEndpoint.bindWithCleanup(AbstractEndpoint.java:1497)
		at org.apache.tomcat.util.net.AbstractEndpoint.init(AbstractEndpoint.java:1510)
		at org.apache.coyote.AbstractProtocol.init(AbstractProtocol.java:667)
		at org.apache.coyote.http11.AbstractHttp11Protocol.init(AbstractHttp11Protocol.java:80)
		at org.apache.catalina.connector.Connector.initInternal(Connector.java:1082)
		... 13 more
04-Apr-2026 17:57:36.352 INFO [main] org.apache.catalina.startup.Catalina.load Server initialization in [1056] milliseconds
04-Apr-2026 17:57:38.765 INFO [main] org.apache.catalina.startup.VersionLoggerListener.log Server version name:   Apache Tomcat/9.0.115
04-Apr-2026 17:57:38.773 INFO [main] org.apache.catalina.startup.VersionLoggerListener.log Server built:          Jan 21 2026 08:17:26 UTC
04-Apr-2026 17:57:38.774 INFO [main] org.apache.catalina.startup.VersionLoggerListener.log Server version number: 9.0.115.0
04-Apr-2026 17:57:38.774 INFO [main] org.apache.catalina.startup.VersionLoggerListener.log OS Name:               Windows 10
04-Apr-2026 17:57:38.774 INFO [main] org.apache.catalina.startup.VersionLoggerListener.log OS Version:            10.0
04-Apr-2026 17:57:38.774 INFO [main] org.apache.catalina.startup.VersionLoggerListener.log Architecture:          amd64
04-Apr-2026 17:57:38.774 INFO [main] org.apache.catalina.startup.VersionLoggerListener.log Java Home:             D:\housys\newwork\JAVA_2512\JAVA_2512\dist\client\FingerprintClient_IDSL_DEVICEFIX\app\jre
04-Apr-2026 17:57:38.774 INFO [main] org.apache.catalina.startup.VersionLoggerListener.log JVM Version:           1.8.0_202-b08
04-Apr-2026 17:57:38.775 INFO [main] org.apache.catalina.startup.VersionLoggerListener.log JVM Vendor:            Oracle Corporation
04-Apr-2026 17:57:38.775 INFO [main] org.apache.catalina.startup.VersionLoggerListener.log CATALINA_BASE:         D:\housys\newwork\JAVA_2512\JAVA_2512\dist\client\FingerprintClient_IDSL_DEVICEFIX\app\tomcat
04-Apr-2026 17:57:38.775 INFO [main] org.apache.catalina.startup.VersionLoggerListener.log CATALINA_HOME:         D:\housys\newwork\JAVA_2512\JAVA_2512\dist\client\FingerprintClient_IDSL_DEVICEFIX\app\tomcat
04-Apr-2026 17:57:38.781 INFO [main] org.apache.catalina.startup.VersionLoggerListener.log Command line argument: -Djava.util.logging.config.file=D:\housys\newwork\JAVA_2512\JAVA_2512\dist\client\FingerprintClient_IDSL_DEVICEFIX\app\tomcat\conf\logging.properties
04-Apr-2026 17:57:38.781 INFO [main] org.apache.catalina.startup.VersionLoggerListener.log Command line argument: -Djava.util.logging.manager=org.apache.juli.ClassLoaderLogManager
04-Apr-2026 17:57:38.782 INFO [main] org.apache.catalina.startup.VersionLoggerListener.log Command line argument: -Djava.library.path=D:\housys\newwork\JAVA_2512\JAVA_2512\dist\client\FingerprintClient_IDSL_DEVICEFIX\app\tomcat\bin
04-Apr-2026 17:57:38.782 INFO [main] org.apache.catalina.startup.VersionLoggerListener.log Command line argument: -Dsqlserver.auth.dll.path=D:\housys\newwork\JAVA_2512\JAVA_2512\dist\client\FingerprintClient_IDSL_DEVICEFIX\app\tomcat\bin\mssql-jdbc_auth-13.2.1.x64.dll
04-Apr-2026 17:57:38.782 INFO [main] org.apache.catalina.startup.VersionLoggerListener.log Command line argument: -Djdk.tls.ephemeralDHKeySize=2048
04-Apr-2026 17:57:38.782 INFO [main] org.apache.catalina.startup.VersionLoggerListener.log Command line argument: -Djava.protocol.handler.pkgs=org.apache.catalina.webresources
04-Apr-2026 17:57:38.782 INFO [main] org.apache.catalina.startup.VersionLoggerListener.log Command line argument: -Dsun.io.useCanonCaches=false
04-Apr-2026 17:57:38.782 INFO [main] org.apache.catalina.startup.VersionLoggerListener.log Command line argument: -Djava.library.path=D:\housys\newwork\JAVA_2512\JAVA_2512\dist\client\FingerprintClient_IDSL_DEVICEFIX\app\tomcat\bin
04-Apr-2026 17:57:38.782 INFO [main] org.apache.catalina.startup.VersionLoggerListener.log Command line argument: -Dsqlserver.auth.dll.path=D:\housys\newwork\JAVA_2512\JAVA_2512\dist\client\FingerprintClient_IDSL_DEVICEFIX\app\tomcat\bin\mssql-jdbc_auth-13.2.1.x64.dll
04-Apr-2026 17:57:38.783 INFO [main] org.apache.catalina.startup.VersionLoggerListener.log Command line argument: -Dignore.endorsed.dirs=
04-Apr-2026 17:57:38.783 INFO [main] org.apache.catalina.startup.VersionLoggerListener.log Command line argument: -Dcatalina.base=D:\housys\newwork\JAVA_2512\JAVA_2512\dist\client\FingerprintClient_IDSL_DEVICEFIX\app\tomcat
04-Apr-2026 17:57:38.783 INFO [main] org.apache.catalina.startup.VersionLoggerListener.log Command line argument: -Dcatalina.home=D:\housys\newwork\JAVA_2512\JAVA_2512\dist\client\FingerprintClient_IDSL_DEVICEFIX\app\tomcat
04-Apr-2026 17:57:38.783 INFO [main] org.apache.catalina.startup.VersionLoggerListener.log Command line argument: -Djava.io.tmpdir=D:\housys\newwork\JAVA_2512\JAVA_2512\dist\client\FingerprintClient_IDSL_DEVICEFIX\app\tomcat\temp
04-Apr-2026 17:57:38.797 INFO [main] org.apache.catalina.core.AprLifecycleListener.lifecycleEvent Loaded Apache Tomcat Native library [1.3.5] using APR version [1.7.6].
04-Apr-2026 17:57:38.797 INFO [main] org.apache.catalina.core.AprLifecycleListener.lifecycleEvent APR capabilities: IPv6 [true], sendfile [true], accept filters [false], random [true], UDS [true].
04-Apr-2026 17:57:38.797 INFO [main] org.apache.catalina.core.AprLifecycleListener.lifecycleEvent APR/OpenSSL configuration: useAprConnector [false], useOpenSSL [true]
04-Apr-2026 17:57:38.817 INFO [main] org.apache.catalina.core.AprLifecycleListener.initializeSSL OpenSSL successfully initialized [OpenSSL 3.0.18 30 Sep 2025]
04-Apr-2026 17:57:39.266 INFO [main] org.apache.coyote.AbstractProtocol.init Initializing ProtocolHandler ["http-nio-8080"]
04-Apr-2026 17:57:39.287 SEVERE [main] org.apache.catalina.util.LifecycleBase.handleSubClassException Failed to initialize component [Connector["http-nio-8080"]]
	org.apache.catalina.LifecycleException: Protocol handler initialization failed
		at org.apache.catalina.connector.Connector.initInternal(Connector.java:1084)
		at org.apache.catalina.util.LifecycleBase.init(LifecycleBase.java:122)
		at org.apache.catalina.core.StandardService.initInternal(StandardService.java:520)
		at org.apache.catalina.util.LifecycleBase.init(LifecycleBase.java:122)
		at org.apache.catalina.core.StandardServer.initInternal(StandardServer.java:984)
		at org.apache.catalina.util.LifecycleBase.init(LifecycleBase.java:122)
		at org.apache.catalina.startup.Catalina.load(Catalina.java:687)
		at org.apache.catalina.startup.Catalina.load(Catalina.java:710)
		at sun.reflect.NativeMethodAccessorImpl.invoke0(Native Method)
		at sun.reflect.NativeMethodAccessorImpl.invoke(Unknown Source)
		at sun.reflect.DelegatingMethodAccessorImpl.invoke(Unknown Source)
		at java.lang.reflect.Method.invoke(Unknown Source)
		at org.apache.catalina.startup.Bootstrap.load(Bootstrap.java:299)
		at org.apache.catalina.startup.Bootstrap.main(Bootstrap.java:472)
	Caused by: java.net.BindException: Address already in use: bind
		at sun.nio.ch.Net.bind0(Native Method)
		at sun.nio.ch.Net.bind(Unknown Source)
		at sun.nio.ch.Net.bind(Unknown Source)
		at sun.nio.ch.ServerSocketChannelImpl.bind(Unknown Source)
		at org.apache.tomcat.util.net.NioEndpoint.initServerSocket(NioEndpoint.java:296)
		at org.apache.tomcat.util.net.NioEndpoint.bind(NioEndpoint.java:251)
		at org.apache.tomcat.util.net.AbstractEndpoint.bindWithCleanup(AbstractEndpoint.java:1497)
		at org.apache.tomcat.util.net.AbstractEndpoint.init(AbstractEndpoint.java:1510)
		at org.apache.coyote.AbstractProtocol.init(AbstractProtocol.java:667)
		at org.apache.coyote.http11.AbstractHttp11Protocol.init(AbstractHttp11Protocol.java:80)
		at org.apache.catalina.connector.Connector.initInternal(Connector.java:1082)
		... 13 more
04-Apr-2026 17:57:39.289 INFO [main] org.apache.catalina.startup.Catalina.load Server initialization in [792] milliseconds
04-Apr-2026 17:57:39.332 INFO [main] org.apache.catalina.core.StandardService.startInternal Starting service [Catalina]
04-Apr-2026 17:57:39.333 INFO [main] org.apache.catalina.core.StandardEngine.startInternal Starting Servlet engine: [Apache Tomcat/9.0.115]
04-Apr-2026 17:57:39.363 INFO [main] org.apache.catalina.startup.HostConfig.deployWAR Deploying web application archive [D:\housys\newwork\JAVA_2512\JAVA_2512\dist\client\FingerprintClient_IDSL_DEVICEFIX\app\tomcat\webapps\demo.war]
04-Apr-2026 17:57:44.464 INFO [main] org.apache.jasper.servlet.TldScanner.scanJars At least one JAR was scanned for TLDs yet contained no TLDs. Enable debug logging for this logger for a complete list of JARs that were scanned but no TLDs were found in them. Skipping unneeded JARs during scanning can improve startup time and JSP compilation time.
04-Apr-2026 17:57:49.035 WARNING [main] org.apache.catalina.util.SessionIdGeneratorBase.createSecureRandom Creation of SecureRandom instance for session ID generation using [SHA1PRNG] took [206] milliseconds.
04-Apr-2026 17:57:50.724 INFO [main] org.apache.catalina.startup.HostConfig.deployWAR Deployment of web application archive [D:\housys\newwork\JAVA_2512\JAVA_2512\dist\client\FingerprintClient_IDSL_DEVICEFIX\app\tomcat\webapps\demo.war] has finished in [11,362] ms
04-Apr-2026 17:57:50.726 INFO [main] org.apache.catalina.startup.HostConfig.deployDirectory Deploying web application directory [D:\housys\newwork\JAVA_2512\JAVA_2512\dist\client\FingerprintClient_IDSL_DEVICEFIX\app\tomcat\webapps\docs]
04-Apr-2026 17:57:50.864 INFO [main] org.apache.catalina.startup.HostConfig.deployDirectory Deployment of web application directory [D:\housys\newwork\JAVA_2512\JAVA_2512\dist\client\FingerprintClient_IDSL_DEVICEFIX\app\tomcat\webapps\docs] has finished in [137] ms
04-Apr-2026 17:57:50.864 INFO [main] org.apache.catalina.startup.HostConfig.deployDirectory Deploying web application directory [D:\housys\newwork\JAVA_2512\JAVA_2512\dist\client\FingerprintClient_IDSL_DEVICEFIX\app\tomcat\webapps\examples]
04-Apr-2026 17:57:51.719 INFO [main] org.apache.catalina.startup.HostConfig.deployDirectory Deployment of web application directory [D:\housys\newwork\JAVA_2512\JAVA_2512\dist\client\FingerprintClient_IDSL_DEVICEFIX\app\tomcat\webapps\examples] has finished in [855] ms
04-Apr-2026 17:57:51.721 INFO [main] org.apache.catalina.startup.HostConfig.deployDirectory Deploying web application directory [D:\housys\newwork\JAVA_2512\JAVA_2512\dist\client\FingerprintClient_IDSL_DEVICEFIX\app\tomcat\webapps\host-manager]
04-Apr-2026 17:57:51.792 INFO [main] org.apache.catalina.startup.HostConfig.deployDirectory Deployment of web application directory [D:\housys\newwork\JAVA_2512\JAVA_2512\dist\client\FingerprintClient_IDSL_DEVICEFIX\app\tomcat\webapps\host-manager] has finished in [71] ms
04-Apr-2026 17:57:51.792 INFO [main] org.apache.catalina.startup.HostConfig.deployDirectory Deploying web application directory [D:\housys\newwork\JAVA_2512\JAVA_2512\dist\client\FingerprintClient_IDSL_DEVICEFIX\app\tomcat\webapps\manager]
04-Apr-2026 17:57:51.867 INFO [main] org.apache.catalina.startup.HostConfig.deployDirectory Deployment of web application directory [D:\housys\newwork\JAVA_2512\JAVA_2512\dist\client\FingerprintClient_IDSL_DEVICEFIX\app\tomcat\webapps\manager] has finished in [75] ms
04-Apr-2026 17:57:51.867 INFO [main] org.apache.catalina.startup.HostConfig.deployDirectory Deploying web application directory [D:\housys\newwork\JAVA_2512\JAVA_2512\dist\client\FingerprintClient_IDSL_DEVICEFIX\app\tomcat\webapps\ROOT]
04-Apr-2026 17:57:51.915 INFO [main] org.apache.catalina.startup.HostConfig.deployDirectory Deployment of web application directory [D:\housys\newwork\JAVA_2512\JAVA_2512\dist\client\FingerprintClient_IDSL_DEVICEFIX\app\tomcat\webapps\ROOT] has finished in [48] ms
04-Apr-2026 17:57:51.920 INFO [main] org.apache.catalina.startup.Catalina.start Server startup in [12631] milliseconds
