05-Apr-2026 17:47:58.745 INFO [main] org.apache.catalina.core.ApplicationContext.log No Spring WebApplicationInitializer types detected on classpath
05-Apr-2026 17:47:59.053 INFO [main] org.apache.catalina.core.ApplicationContext.log Initializing Spring root WebApplicationContext
05-Apr-2026 17:48:05.318 INFO [main] org.apache.catalina.core.ApplicationContext.log Initializing Spring FrameworkServlet 'dispatcher'
05-Apr-2026 17:48:08.426 INFO [main] org.apache.catalina.core.ApplicationContext.log ContextListener: contextInitialized()
05-Apr-2026 17:48:08.427 INFO [main] org.apache.catalina.core.ApplicationContext.log SessionListener: contextInitialized()
05-Apr-2026 17:48:08.431 INFO [main] org.apache.catalina.core.ApplicationContext.log ContextListener: attributeAdded('StockTicker', 'async.Stockticker@5069a91b')
05-Apr-2026 17:58:21.827 INFO [main] org.apache.catalina.core.ApplicationContext.log No Spring WebApplicationInitializer types detected on classpath
05-Apr-2026 17:58:22.084 INFO [main] org.apache.catalina.core.ApplicationContext.log Initializing Spring root WebApplicationContext
05-Apr-2026 17:58:29.044 INFO [main] org.apache.catalina.core.ApplicationContext.log Initializing Spring FrameworkServlet 'dispatcher'
05-Apr-2026 17:58:32.045 INFO [main] org.apache.catalina.core.ApplicationContext.log ContextListener: contextInitialized()
05-Apr-2026 17:58:32.045 INFO [main] org.apache.catalina.core.ApplicationContext.log SessionListener: contextInitialized()
05-Apr-2026 17:58:32.050 INFO [main] org.apache.catalina.core.ApplicationContext.log ContextListener: attributeAdded('StockTicker', 'async.Stockticker@5069a91b')
05-Apr-2026 18:03:08.773 INFO [main] org.apache.catalina.core.ApplicationContext.log SessionListener: contextDestroyed()
05-Apr-2026 18:03:08.773 INFO [main] org.apache.catalina.core.ApplicationContext.log ContextListener: contextDestroyed()
05-Apr-2026 18:03:08.781 INFO [main] org.apache.catalina.core.ApplicationContext.log Destroying Spring FrameworkServlet 'dispatcher'
05-Apr-2026 18:03:08.844 INFO [main] org.apache.catalina.core.ApplicationContext.log Closing Spring root WebApplicationContext
05-Apr-2026 18:03:20.082 INFO [main] org.apache.catalina.core.ApplicationContext.log No Spring WebApplicationInitializer types detected on classpath
05-Apr-2026 18:03:20.302 INFO [main] org.apache.catalina.core.ApplicationContext.log Initializing Spring root WebApplicationContext
05-Apr-2026 18:03:25.860 INFO [main] org.apache.catalina.core.ApplicationContext.log Initializing Spring FrameworkServlet 'dispatcher'
05-Apr-2026 18:03:28.255 INFO [main] org.apache.catalina.core.ApplicationContext.log ContextListener: contextInitialized()
05-Apr-2026 18:03:28.255 INFO [main] org.apache.catalina.core.ApplicationContext.log SessionListener: contextInitialized()
05-Apr-2026 18:03:28.258 INFO [main] org.apache.catalina.core.ApplicationContext.log ContextListener: attributeAdded('StockTicker', 'async.Stockticker@7fe40b9f')
05-Apr-2026 18:07:19.838 INFO [main] org.apache.catalina.core.ApplicationContext.log SessionListener: contextDestroyed()
05-Apr-2026 18:07:19.838 INFO [main] org.apache.catalina.core.ApplicationContext.log ContextListener: contextDestroyed()
05-Apr-2026 18:07:19.844 INFO [main] org.apache.catalina.core.ApplicationContext.log Destroying Spring FrameworkServlet 'dispatcher'
05-Apr-2026 18:07:19.921 INFO [main] org.apache.catalina.core.ApplicationContext.log Closing Spring root WebApplicationContext
05-Apr-2026 18:07:40.712 INFO [main] org.apache.catalina.core.ApplicationContext.log No Spring WebApplicationInitializer types detected on classpath
05-Apr-2026 18:07:40.923 INFO [main] org.apache.catalina.core.ApplicationContext.log Initializing Spring root WebApplicationContext
05-Apr-2026 18:07:46.482 INFO [main] org.apache.catalina.core.ApplicationContext.log Initializing Spring FrameworkServlet 'dispatcher'
05-Apr-2026 18:07:48.832 INFO [main] org.apache.catalina.core.ApplicationContext.log ContextListener: contextInitialized()
05-Apr-2026 18:07:48.832 INFO [main] org.apache.catalina.core.ApplicationContext.log SessionListener: contextInitialized()
05-Apr-2026 18:07:48.836 INFO [main] org.apache.catalina.core.ApplicationContext.log ContextListener: attributeAdded('StockTicker', 'async.Stockticker@7fe40b9f')
05-Apr-2026 18:10:49.167 INFO [main] org.apache.catalina.core.ApplicationContext.log SessionListener: contextDestroyed()
05-Apr-2026 18:10:49.167 INFO [main] org.apache.catalina.core.ApplicationContext.log ContextListener: contextDestroyed()
05-Apr-2026 18:10:49.173 INFO [main] org.apache.catalina.core.ApplicationContext.log Destroying Spring FrameworkServlet 'dispatcher'
05-Apr-2026 18:10:49.251 INFO [main] org.apache.catalina.core.ApplicationContext.log Closing Spring root WebApplicationContext
05-Apr-2026 18:11:41.945 INFO [main] org.apache.catalina.core.ApplicationContext.log No Spring WebApplicationInitializer types detected on classpath
05-Apr-2026 18:11:42.164 INFO [main] org.apache.catalina.core.ApplicationContext.log Initializing Spring root WebApplicationContext
05-Apr-2026 18:11:47.822 INFO [main] org.apache.catalina.core.ApplicationContext.log Initializing Spring FrameworkServlet 'dispatcher'
05-Apr-2026 18:11:50.225 INFO [main] org.apache.catalina.core.ApplicationContext.log ContextListener: contextInitialized()
05-Apr-2026 18:11:50.225 INFO [main] org.apache.catalina.core.ApplicationContext.log SessionListener: contextInitialized()
05-Apr-2026 18:11:50.229 INFO [main] org.apache.catalina.core.ApplicationContext.log ContextListener: attributeAdded('StockTicker', 'async.Stockticker@628b1538')
05-Apr-2026 18:17:17.996 INFO [main] org.apache.catalina.core.ApplicationContext.log SessionListener: contextDestroyed()
05-Apr-2026 18:17:17.996 INFO [main] org.apache.catalina.core.ApplicationContext.log ContextListener: contextDestroyed()
05-Apr-2026 18:17:18.003 INFO [main] org.apache.catalina.core.ApplicationContext.log Destroying Spring FrameworkServlet 'dispatcher'
05-Apr-2026 18:17:18.081 INFO [main] org.apache.catalina.core.ApplicationContext.log Closing Spring root WebApplicationContext
05-Apr-2026 18:17:38.680 INFO [main] org.apache.catalina.core.ApplicationContext.log No Spring WebApplicationInitializer types detected on classpath
05-Apr-2026 18:17:38.888 INFO [main] org.apache.catalina.core.ApplicationContext.log Initializing Spring root WebApplicationContext
05-Apr-2026 18:17:44.789 INFO [main] org.apache.catalina.core.ApplicationContext.log Initializing Spring FrameworkServlet 'dispatcher'
05-Apr-2026 18:17:47.311 INFO [main] org.apache.catalina.core.ApplicationContext.log ContextListener: contextInitialized()
05-Apr-2026 18:17:47.311 INFO [main] org.apache.catalina.core.ApplicationContext.log SessionListener: contextInitialized()
05-Apr-2026 18:17:47.316 INFO [main] org.apache.catalina.core.ApplicationContext.log ContextListener: attributeAdded('StockTicker', 'async.Stockticker@628b1538')
05-Apr-2026 18:22:40.621 INFO [main] org.apache.catalina.core.ApplicationContext.log SessionListener: contextDestroyed()
05-Apr-2026 18:22:40.621 INFO [main] org.apache.catalina.core.ApplicationContext.log ContextListener: contextDestroyed()
05-Apr-2026 18:22:40.630 INFO [main] org.apache.catalina.core.ApplicationContext.log Destroying Spring FrameworkServlet 'dispatcher'
05-Apr-2026 18:22:40.677 INFO [main] org.apache.catalina.core.ApplicationContext.log Closing Spring root WebApplicationContext
05-Apr-2026 18:23:04.745 INFO [main] org.apache.catalina.core.ApplicationContext.log No Spring WebApplicationInitializer types detected on classpath
05-Apr-2026 18:23:04.952 INFO [main] org.apache.catalina.core.ApplicationContext.log Initializing Spring root WebApplicationContext
05-Apr-2026 18:23:10.597 INFO [main] org.apache.catalina.core.ApplicationContext.log Initializing Spring FrameworkServlet 'dispatcher'
05-Apr-2026 18:23:13.024 INFO [main] org.apache.catalina.core.ApplicationContext.log ContextListener: contextInitialized()
05-Apr-2026 18:23:13.024 INFO [main] org.apache.catalina.core.ApplicationContext.log SessionListener: contextInitialized()
05-Apr-2026 18:23:13.028 INFO [main] org.apache.catalina.core.ApplicationContext.log ContextListener: attributeAdded('StockTicker', 'async.Stockticker@628b1538')
