[03-04-2026 20:31:44.65] ========== STOP REQUEST ==========
Using CATALINA_BASE:   "D:\housys\FingerprintClient_IDSL_DEVICEFIX03042026\FingerprintClient_IDSL_DEVICEFIX\app\tomcat"
Using CATALINA_HOME:   "D:\housys\FingerprintClient_IDSL_DEVICEFIX03042026\FingerprintClient_IDSL_DEVICEFIX\app\tomcat"
Using CATALINA_TMPDIR: "D:\housys\FingerprintClient_IDSL_DEVICEFIX03042026\FingerprintClient_IDSL_DEVICEFIX\app\tomcat\temp"
Using JRE_HOME:        "D:\housys\FingerprintClient_IDSL_DEVICEFIX03042026\FingerprintClient_IDSL_DEVICEFIX\app\jre"
Using CLASSPATH:       "D:\housys\FingerprintClient_IDSL_DEVICEFIX03042026\FingerprintClient_IDSL_DEVICEFIX\app\tomcat\bin\bootstrap.jar;D:\housys\FingerprintClient_IDSL_DEVICEFIX03042026\FingerprintClient_IDSL_DEVICEFIX\app\tomcat\bin\tomcat-juli.jar"
Using CATALINA_OPTS:   "-Djava.library.path=D:\housys\FingerprintClient_IDSL_DEVICEFIX03042026\FingerprintClient_IDSL_DEVICEFIX\app\tomcat\bin"
[03-04-2026 20:31:47.21] Tomcat shutdown port closed.
[03-04-2026 20:45:55.53] ========== STOP REQUEST ==========
Using CATALINA_BASE:   "D:\housys\FingerprintClient_IDSL_DEVICEFIX03042026\FingerprintClient_IDSL_DEVICEFIX\app\tomcat"
Using CATALINA_HOME:   "D:\housys\FingerprintClient_IDSL_DEVICEFIX03042026\FingerprintClient_IDSL_DEVICEFIX\app\tomcat"
Using CATALINA_TMPDIR: "D:\housys\FingerprintClient_IDSL_DEVICEFIX03042026\FingerprintClient_IDSL_DEVICEFIX\app\tomcat\temp"
Using JRE_HOME:        "D:\housys\FingerprintClient_IDSL_DEVICEFIX03042026\FingerprintClient_IDSL_DEVICEFIX\app\jre"
Using CLASSPATH:       "D:\housys\FingerprintClient_IDSL_DEVICEFIX03042026\FingerprintClient_IDSL_DEVICEFIX\app\tomcat\bin\bootstrap.jar;D:\housys\FingerprintClient_IDSL_DEVICEFIX03042026\FingerprintClient_IDSL_DEVICEFIX\app\tomcat\bin\tomcat-juli.jar"
Using CATALINA_OPTS:   "-Djava.library.path=D:\housys\FingerprintClient_IDSL_DEVICEFIX03042026\FingerprintClient_IDSL_DEVICEFIX\app\tomcat\bin"
03-Apr-2026 20:45:57.890 SEVERE [main] org.apache.catalina.startup.Catalina.stopServer Could not contact [localhost:18005] (base port [18005] and offset [0]). Tomcat may not be running.
03-Apr-2026 20:45:57.892 SEVERE [main] org.apache.catalina.startup.Catalina.stopServer Error stopping Catalina
	java.net.ConnectException: Connection refused: connect
		at java.net.DualStackPlainSocketImpl.connect0(Native Method)
		at java.net.DualStackPlainSocketImpl.socketConnect(Unknown Source)
		at java.net.AbstractPlainSocketImpl.doConnect(Unknown Source)
		at java.net.AbstractPlainSocketImpl.connectToAddress(Unknown Source)
		at java.net.AbstractPlainSocketImpl.connect(Unknown Source)
		at java.net.PlainSocketImpl.connect(Unknown Source)
		at java.net.SocksSocketImpl.connect(Unknown Source)
		at java.net.Socket.connect(Unknown Source)
		at java.net.Socket.connect(Unknown Source)
		at java.net.Socket.<init>(Unknown Source)
		at java.net.Socket.<init>(Unknown Source)
		at org.apache.catalina.startup.Catalina.stopServer(Catalina.java:630)
		at sun.reflect.NativeMethodAccessorImpl.invoke0(Native Method)
		at sun.reflect.NativeMethodAccessorImpl.invoke(Unknown Source)
		at sun.reflect.DelegatingMethodAccessorImpl.invoke(Unknown Source)
		at java.lang.reflect.Method.invoke(Unknown Source)
		at org.apache.catalina.startup.Bootstrap.stopServer(Bootstrap.java:390)
		at org.apache.catalina.startup.Bootstrap.main(Bootstrap.java:479)
[03-04-2026 20:45:57.90] shutdown attempt 1 exit=
[03-04-2026 20:45:57.93] Tomcat shutdown port closed.
[04-04-2026 10:00:58.03] ========== STOP REQUEST ==========
Using CATALINA_BASE:   "D:\housys\FingerprintClient_IDSL_DEVICEFIX03042026\FingerprintClient_IDSL_DEVICEFIX\app\tomcat"
Using CATALINA_HOME:   "D:\housys\FingerprintClient_IDSL_DEVICEFIX03042026\FingerprintClient_IDSL_DEVICEFIX\app\tomcat"
Using CATALINA_TMPDIR: "D:\housys\FingerprintClient_IDSL_DEVICEFIX03042026\FingerprintClient_IDSL_DEVICEFIX\app\tomcat\temp"
Using JRE_HOME:        "D:\housys\FingerprintClient_IDSL_DEVICEFIX03042026\FingerprintClient_IDSL_DEVICEFIX\app\jre"
Using CLASSPATH:       "D:\housys\FingerprintClient_IDSL_DEVICEFIX03042026\FingerprintClient_IDSL_DEVICEFIX\app\tomcat\bin\bootstrap.jar;D:\housys\FingerprintClient_IDSL_DEVICEFIX03042026\FingerprintClient_IDSL_DEVICEFIX\app\tomcat\bin\tomcat-juli.jar"
Using CATALINA_OPTS:   "-Djava.library.path=D:\housys\FingerprintClient_IDSL_DEVICEFIX03042026\FingerprintClient_IDSL_DEVICEFIX\app\tomcat\bin"
[04-04-2026 10:00:58.56] Tomcat shutdown port closed.
[04-04-2026 10:01:23.30] ========== STOP REQUEST ==========
Using CATALINA_BASE:   "D:\housys\FingerprintClient_IDSL_DEVICEFIX03042026\FingerprintClient_IDSL_DEVICEFIX\app\tomcat"
Using CATALINA_HOME:   "D:\housys\FingerprintClient_IDSL_DEVICEFIX03042026\FingerprintClient_IDSL_DEVICEFIX\app\tomcat"
Using CATALINA_TMPDIR: "D:\housys\FingerprintClient_IDSL_DEVICEFIX03042026\FingerprintClient_IDSL_DEVICEFIX\app\tomcat\temp"
Using JRE_HOME:        "D:\housys\FingerprintClient_IDSL_DEVICEFIX03042026\FingerprintClient_IDSL_DEVICEFIX\app\jre"
Using CLASSPATH:       "D:\housys\FingerprintClient_IDSL_DEVICEFIX03042026\FingerprintClient_IDSL_DEVICEFIX\app\tomcat\bin\bootstrap.jar;D:\housys\FingerprintClient_IDSL_DEVICEFIX03042026\FingerprintClient_IDSL_DEVICEFIX\app\tomcat\bin\tomcat-juli.jar"
Using CATALINA_OPTS:   "-Djava.library.path=D:\housys\FingerprintClient_IDSL_DEVICEFIX03042026\FingerprintClient_IDSL_DEVICEFIX\app\tomcat\bin"
[04-04-2026 10:01:23.81] Tomcat shutdown port closed.
[04-04-2026 10:12:23.54] ========== STOP REQUEST ==========
Using CATALINA_BASE:   "D:\housys\FingerprintClient_IDSL_DEVICEFIX03042026\FingerprintClient_IDSL_DEVICEFIX\app\tomcat"
Using CATALINA_HOME:   "D:\housys\FingerprintClient_IDSL_DEVICEFIX03042026\FingerprintClient_IDSL_DEVICEFIX\app\tomcat"
Using CATALINA_TMPDIR: "D:\housys\FingerprintClient_IDSL_DEVICEFIX03042026\FingerprintClient_IDSL_DEVICEFIX\app\tomcat\temp"
Using JRE_HOME:        "D:\housys\FingerprintClient_IDSL_DEVICEFIX03042026\FingerprintClient_IDSL_DEVICEFIX\app\jre"
Using CLASSPATH:       "D:\housys\FingerprintClient_IDSL_DEVICEFIX03042026\FingerprintClient_IDSL_DEVICEFIX\app\tomcat\bin\bootstrap.jar;D:\housys\FingerprintClient_IDSL_DEVICEFIX03042026\FingerprintClient_IDSL_DEVICEFIX\app\tomcat\bin\tomcat-juli.jar"
Using CATALINA_OPTS:   "-Djava.library.path=D:\housys\FingerprintClient_IDSL_DEVICEFIX03042026\FingerprintClient_IDSL_DEVICEFIX\app\tomcat\bin"
04-Apr-2026 10:12:25.949 SEVERE [main] org.apache.catalina.startup.Catalina.stopServer Could not contact [localhost:18015] (base port [18015] and offset [0]). Tomcat may not be running.
04-Apr-2026 10:12:25.951 SEVERE [main] org.apache.catalina.startup.Catalina.stopServer Error stopping Catalina
	java.net.ConnectException: Connection refused: connect
		at java.net.DualStackPlainSocketImpl.connect0(Native Method)
		at java.net.DualStackPlainSocketImpl.socketConnect(Unknown Source)
		at java.net.AbstractPlainSocketImpl.doConnect(Unknown Source)
		at java.net.AbstractPlainSocketImpl.connectToAddress(Unknown Source)
		at java.net.AbstractPlainSocketImpl.connect(Unknown Source)
		at java.net.PlainSocketImpl.connect(Unknown Source)
		at java.net.SocksSocketImpl.connect(Unknown Source)
		at java.net.Socket.connect(Unknown Source)
		at java.net.Socket.connect(Unknown Source)
		at java.net.Socket.<init>(Unknown Source)
		at java.net.Socket.<init>(Unknown Source)
		at org.apache.catalina.startup.Catalina.stopServer(Catalina.java:630)
		at sun.reflect.NativeMethodAccessorImpl.invoke0(Native Method)
		at sun.reflect.NativeMethodAccessorImpl.invoke(Unknown Source)
		at sun.reflect.DelegatingMethodAccessorImpl.invoke(Unknown Source)
		at java.lang.reflect.Method.invoke(Unknown Source)
		at org.apache.catalina.startup.Bootstrap.stopServer(Bootstrap.java:390)
		at org.apache.catalina.startup.Bootstrap.main(Bootstrap.java:479)
[04-04-2026 10:12:25.96] shutdown attempt 1 exit=
[04-04-2026 10:12:25.99] Tomcat shutdown port closed.
[04-04-2026 10:14:58.35] ========== STOP REQUEST ==========
Using CATALINA_BASE:   "D:\housys\FingerprintClient_IDSL_DEVICEFIX03042026\FingerprintClient_IDSL_DEVICEFIX\app\tomcat"
Using CATALINA_HOME:   "D:\housys\FingerprintClient_IDSL_DEVICEFIX03042026\FingerprintClient_IDSL_DEVICEFIX\app\tomcat"
Using CATALINA_TMPDIR: "D:\housys\FingerprintClient_IDSL_DEVICEFIX03042026\FingerprintClient_IDSL_DEVICEFIX\app\tomcat\temp"
Using JRE_HOME:        "D:\housys\FingerprintClient_IDSL_DEVICEFIX03042026\FingerprintClient_IDSL_DEVICEFIX\app\jre"
Using CLASSPATH:       "D:\housys\FingerprintClient_IDSL_DEVICEFIX03042026\FingerprintClient_IDSL_DEVICEFIX\app\tomcat\bin\bootstrap.jar;D:\housys\FingerprintClient_IDSL_DEVICEFIX03042026\FingerprintClient_IDSL_DEVICEFIX\app\tomcat\bin\tomcat-juli.jar"
Using CATALINA_OPTS:   "-Djava.library.path=D:\housys\FingerprintClient_IDSL_DEVICEFIX03042026\FingerprintClient_IDSL_DEVICEFIX\app\tomcat\bin"
04-Apr-2026 10:15:00.756 SEVERE [main] org.apache.catalina.startup.Catalina.stopServer Could not contact [localhost:18015] (base port [18015] and offset [0]). Tomcat may not be running.
04-Apr-2026 10:15:00.759 SEVERE [main] org.apache.catalina.startup.Catalina.stopServer Error stopping Catalina
	java.net.ConnectException: Connection refused: connect
		at java.net.DualStackPlainSocketImpl.connect0(Native Method)
		at java.net.DualStackPlainSocketImpl.socketConnect(Unknown Source)
		at java.net.AbstractPlainSocketImpl.doConnect(Unknown Source)
		at java.net.AbstractPlainSocketImpl.connectToAddress(Unknown Source)
		at java.net.AbstractPlainSocketImpl.connect(Unknown Source)
		at java.net.PlainSocketImpl.connect(Unknown Source)
		at java.net.SocksSocketImpl.connect(Unknown Source)
		at java.net.Socket.connect(Unknown Source)
		at java.net.Socket.connect(Unknown Source)
		at java.net.Socket.<init>(Unknown Source)
		at java.net.Socket.<init>(Unknown Source)
		at org.apache.catalina.startup.Catalina.stopServer(Catalina.java:630)
		at sun.reflect.NativeMethodAccessorImpl.invoke0(Native Method)
		at sun.reflect.NativeMethodAccessorImpl.invoke(Unknown Source)
		at sun.reflect.DelegatingMethodAccessorImpl.invoke(Unknown Source)
		at java.lang.reflect.Method.invoke(Unknown Source)
		at org.apache.catalina.startup.Bootstrap.stopServer(Bootstrap.java:390)
		at org.apache.catalina.startup.Bootstrap.main(Bootstrap.java:479)
[04-04-2026 10:15:00.77] shutdown attempt 1 exit=
[04-04-2026 10:15:00.81] Tomcat shutdown port closed.
[04-04-2026 10:15:38.72] ========== STOP REQUEST ==========
Using CATALINA_BASE:   "D:\housys\FingerprintClient_IDSL_DEVICEFIX03042026\FingerprintClient_IDSL_DEVICEFIX\app\tomcat"
Using CATALINA_HOME:   "D:\housys\FingerprintClient_IDSL_DEVICEFIX03042026\FingerprintClient_IDSL_DEVICEFIX\app\tomcat"
Using CATALINA_TMPDIR: "D:\housys\FingerprintClient_IDSL_DEVICEFIX03042026\FingerprintClient_IDSL_DEVICEFIX\app\tomcat\temp"
Using JRE_HOME:        "D:\housys\FingerprintClient_IDSL_DEVICEFIX03042026\FingerprintClient_IDSL_DEVICEFIX\app\jre"
Using CLASSPATH:       "D:\housys\FingerprintClient_IDSL_DEVICEFIX03042026\FingerprintClient_IDSL_DEVICEFIX\app\tomcat\bin\bootstrap.jar;D:\housys\FingerprintClient_IDSL_DEVICEFIX03042026\FingerprintClient_IDSL_DEVICEFIX\app\tomcat\bin\tomcat-juli.jar"
Using CATALINA_OPTS:   "-Djava.library.path=D:\housys\FingerprintClient_IDSL_DEVICEFIX03042026\FingerprintClient_IDSL_DEVICEFIX\app\tomcat\bin"
04-Apr-2026 10:15:41.126 SEVERE [main] org.apache.catalina.startup.Catalina.stopServer Could not contact [localhost:18015] (base port [18015] and offset [0]). Tomcat may not be running.
04-Apr-2026 10:15:41.128 SEVERE [main] org.apache.catalina.startup.Catalina.stopServer Error stopping Catalina
	java.net.ConnectException: Connection refused: connect
		at java.net.DualStackPlainSocketImpl.connect0(Native Method)
		at java.net.DualStackPlainSocketImpl.socketConnect(Unknown Source)
		at java.net.AbstractPlainSocketImpl.doConnect(Unknown Source)
		at java.net.AbstractPlainSocketImpl.connectToAddress(Unknown Source)
		at java.net.AbstractPlainSocketImpl.connect(Unknown Source)
		at java.net.PlainSocketImpl.connect(Unknown Source)
		at java.net.SocksSocketImpl.connect(Unknown Source)
		at java.net.Socket.connect(Unknown Source)
		at java.net.Socket.connect(Unknown Source)
		at java.net.Socket.<init>(Unknown Source)
		at java.net.Socket.<init>(Unknown Source)
		at org.apache.catalina.startup.Catalina.stopServer(Catalina.java:630)
		at sun.reflect.NativeMethodAccessorImpl.invoke0(Native Method)
		at sun.reflect.NativeMethodAccessorImpl.invoke(Unknown Source)
		at sun.reflect.DelegatingMethodAccessorImpl.invoke(Unknown Source)
		at java.lang.reflect.Method.invoke(Unknown Source)
		at org.apache.catalina.startup.Bootstrap.stopServer(Bootstrap.java:390)
		at org.apache.catalina.startup.Bootstrap.main(Bootstrap.java:479)
[04-04-2026 10:15:41.14] shutdown attempt 1 exit=
[04-04-2026 10:15:41.17] Tomcat shutdown port closed.
[04-04-2026 10:16:17.79] ========== STOP REQUEST ==========
Using CATALINA_BASE:   "D:\housys\FingerprintClient_IDSL_DEVICEFIX03042026\FingerprintClient_IDSL_DEVICEFIX\app\tomcat"
Using CATALINA_HOME:   "D:\housys\FingerprintClient_IDSL_DEVICEFIX03042026\FingerprintClient_IDSL_DEVICEFIX\app\tomcat"
Using CATALINA_TMPDIR: "D:\housys\FingerprintClient_IDSL_DEVICEFIX03042026\FingerprintClient_IDSL_DEVICEFIX\app\tomcat\temp"
Using JRE_HOME:        "D:\housys\FingerprintClient_IDSL_DEVICEFIX03042026\FingerprintClient_IDSL_DEVICEFIX\app\jre"
Using CLASSPATH:       "D:\housys\FingerprintClient_IDSL_DEVICEFIX03042026\FingerprintClient_IDSL_DEVICEFIX\app\tomcat\bin\bootstrap.jar;D:\housys\FingerprintClient_IDSL_DEVICEFIX03042026\FingerprintClient_IDSL_DEVICEFIX\app\tomcat\bin\tomcat-juli.jar"
Using CATALINA_OPTS:   "-Djava.library.path=D:\housys\FingerprintClient_IDSL_DEVICEFIX03042026\FingerprintClient_IDSL_DEVICEFIX\app\tomcat\bin"
04-Apr-2026 10:16:20.182 SEVERE [main] org.apache.catalina.startup.Catalina.stopServer Could not contact [localhost:18015] (base port [18015] and offset [0]). Tomcat may not be running.
04-Apr-2026 10:16:20.185 SEVERE [main] org.apache.catalina.startup.Catalina.stopServer Error stopping Catalina
	java.net.ConnectException: Connection refused: connect
		at java.net.DualStackPlainSocketImpl.connect0(Native Method)
		at java.net.DualStackPlainSocketImpl.socketConnect(Unknown Source)
		at java.net.AbstractPlainSocketImpl.doConnect(Unknown Source)
		at java.net.AbstractPlainSocketImpl.connectToAddress(Unknown Source)
		at java.net.AbstractPlainSocketImpl.connect(Unknown Source)
		at java.net.PlainSocketImpl.connect(Unknown Source)
		at java.net.SocksSocketImpl.connect(Unknown Source)
		at java.net.Socket.connect(Unknown Source)
		at java.net.Socket.connect(Unknown Source)
		at java.net.Socket.<init>(Unknown Source)
		at java.net.Socket.<init>(Unknown Source)
		at org.apache.catalina.startup.Catalina.stopServer(Catalina.java:630)
		at sun.reflect.NativeMethodAccessorImpl.invoke0(Native Method)
		at sun.reflect.NativeMethodAccessorImpl.invoke(Unknown Source)
		at sun.reflect.DelegatingMethodAccessorImpl.invoke(Unknown Source)
		at java.lang.reflect.Method.invoke(Unknown Source)
		at org.apache.catalina.startup.Bootstrap.stopServer(Bootstrap.java:390)
		at org.apache.catalina.startup.Bootstrap.main(Bootstrap.java:479)
[04-04-2026 10:16:20.19] shutdown attempt 1 exit=
[04-04-2026 10:16:20.23] Tomcat shutdown port closed.
[04-04-2026 10:18:33.39] ========== STOP REQUEST ==========
Using CATALINA_BASE:   "D:\housys\FingerprintClient_IDSL_DEVICEFIX03042026\FingerprintClient_IDSL_DEVICEFIX\app\tomcat"
Using CATALINA_HOME:   "D:\housys\FingerprintClient_IDSL_DEVICEFIX03042026\FingerprintClient_IDSL_DEVICEFIX\app\tomcat"
Using CATALINA_TMPDIR: "D:\housys\FingerprintClient_IDSL_DEVICEFIX03042026\FingerprintClient_IDSL_DEVICEFIX\app\tomcat\temp"
Using JRE_HOME:        "D:\housys\FingerprintClient_IDSL_DEVICEFIX03042026\FingerprintClient_IDSL_DEVICEFIX\app\jre"
Using CLASSPATH:       "D:\housys\FingerprintClient_IDSL_DEVICEFIX03042026\FingerprintClient_IDSL_DEVICEFIX\app\tomcat\bin\bootstrap.jar;D:\housys\FingerprintClient_IDSL_DEVICEFIX03042026\FingerprintClient_IDSL_DEVICEFIX\app\tomcat\bin\tomcat-juli.jar"
Using CATALINA_OPTS:   "-Djava.library.path=D:\housys\FingerprintClient_IDSL_DEVICEFIX03042026\FingerprintClient_IDSL_DEVICEFIX\app\tomcat\bin"
04-Apr-2026 10:18:36.860 SEVERE [main] org.apache.catalina.startup.Catalina.stopServer Could not contact [localhost:18015] (base port [18015] and offset [0]). Tomcat may not be running.
04-Apr-2026 10:18:36.868 SEVERE [main] org.apache.catalina.startup.Catalina.stopServer Error stopping Catalina
	java.net.ConnectException: Connection refused: connect
		at java.net.DualStackPlainSocketImpl.connect0(Native Method)
		at java.net.DualStackPlainSocketImpl.socketConnect(Unknown Source)
		at java.net.AbstractPlainSocketImpl.doConnect(Unknown Source)
		at java.net.AbstractPlainSocketImpl.connectToAddress(Unknown Source)
		at java.net.AbstractPlainSocketImpl.connect(Unknown Source)
		at java.net.PlainSocketImpl.connect(Unknown Source)
		at java.net.SocksSocketImpl.connect(Unknown Source)
		at java.net.Socket.connect(Unknown Source)
		at java.net.Socket.connect(Unknown Source)
		at java.net.Socket.<init>(Unknown Source)
		at java.net.Socket.<init>(Unknown Source)
		at org.apache.catalina.startup.Catalina.stopServer(Catalina.java:630)
		at sun.reflect.NativeMethodAccessorImpl.invoke0(Native Method)
		at sun.reflect.NativeMethodAccessorImpl.invoke(Unknown Source)
		at sun.reflect.DelegatingMethodAccessorImpl.invoke(Unknown Source)
		at java.lang.reflect.Method.invoke(Unknown Source)
		at org.apache.catalina.startup.Bootstrap.stopServer(Bootstrap.java:390)
		at org.apache.catalina.startup.Bootstrap.main(Bootstrap.java:479)
[04-04-2026 10:18:37.50] shutdown attempt 1 exit=
[04-04-2026 10:18:38.05] Tomcat shutdown port closed.
[04-04-2026 10:21:17.78] ========== STOP REQUEST ==========
Using CATALINA_BASE:   "D:\housys\FingerprintClient_IDSL_DEVICEFIX03042026\FingerprintClient_IDSL_DEVICEFIX\app\tomcat"
Using CATALINA_HOME:   "D:\housys\FingerprintClient_IDSL_DEVICEFIX03042026\FingerprintClient_IDSL_DEVICEFIX\app\tomcat"
Using CATALINA_TMPDIR: "D:\housys\FingerprintClient_IDSL_DEVICEFIX03042026\FingerprintClient_IDSL_DEVICEFIX\app\tomcat\temp"
Using JRE_HOME:        "D:\housys\FingerprintClient_IDSL_DEVICEFIX03042026\FingerprintClient_IDSL_DEVICEFIX\app\jre"
Using CLASSPATH:       "D:\housys\FingerprintClient_IDSL_DEVICEFIX03042026\FingerprintClient_IDSL_DEVICEFIX\app\tomcat\bin\bootstrap.jar;D:\housys\FingerprintClient_IDSL_DEVICEFIX03042026\FingerprintClient_IDSL_DEVICEFIX\app\tomcat\bin\tomcat-juli.jar"
Using CATALINA_OPTS:   "-Djava.library.path=D:\housys\FingerprintClient_IDSL_DEVICEFIX03042026\FingerprintClient_IDSL_DEVICEFIX\app\tomcat\bin"
04-Apr-2026 10:21:21.771 SEVERE [main] org.apache.catalina.startup.Catalina.stopServer Could not contact [localhost:18015] (base port [18015] and offset [0]). Tomcat may not be running.
04-Apr-2026 10:21:21.795 SEVERE [main] org.apache.catalina.startup.Catalina.stopServer Error stopping Catalina
	java.net.ConnectException: Connection refused: connect
		at java.net.DualStackPlainSocketImpl.connect0(Native Method)
		at java.net.DualStackPlainSocketImpl.socketConnect(Unknown Source)
		at java.net.AbstractPlainSocketImpl.doConnect(Unknown Source)
		at java.net.AbstractPlainSocketImpl.connectToAddress(Unknown Source)
		at java.net.AbstractPlainSocketImpl.connect(Unknown Source)
		at java.net.PlainSocketImpl.connect(Unknown Source)
		at java.net.SocksSocketImpl.connect(Unknown Source)
		at java.net.Socket.connect(Unknown Source)
		at java.net.Socket.connect(Unknown Source)
		at java.net.Socket.<init>(Unknown Source)
		at java.net.Socket.<init>(Unknown Source)
		at org.apache.catalina.startup.Catalina.stopServer(Catalina.java:630)
		at sun.reflect.NativeMethodAccessorImpl.invoke0(Native Method)
		at sun.reflect.NativeMethodAccessorImpl.invoke(Unknown Source)
		at sun.reflect.DelegatingMethodAccessorImpl.invoke(Unknown Source)
		at java.lang.reflect.Method.invoke(Unknown Source)
		at org.apache.catalina.startup.Bootstrap.stopServer(Bootstrap.java:390)
		at org.apache.catalina.startup.Bootstrap.main(Bootstrap.java:479)
[04-04-2026 10:21:21.83] shutdown attempt 1 exit=
[04-04-2026 10:21:21.86] Tomcat shutdown port closed.
[04-04-2026 10:22:53.10] ========== STOP REQUEST ==========
Using CATALINA_BASE:   "D:\housys\FingerprintClient_IDSL_DEVICEFIX03042026\FingerprintClient_IDSL_DEVICEFIX\app\tomcat"
Using CATALINA_HOME:   "D:\housys\FingerprintClient_IDSL_DEVICEFIX03042026\FingerprintClient_IDSL_DEVICEFIX\app\tomcat"
Using CATALINA_TMPDIR: "D:\housys\FingerprintClient_IDSL_DEVICEFIX03042026\FingerprintClient_IDSL_DEVICEFIX\app\tomcat\temp"
Using JRE_HOME:        "D:\housys\FingerprintClient_IDSL_DEVICEFIX03042026\FingerprintClient_IDSL_DEVICEFIX\app\jre"
Using CLASSPATH:       "D:\housys\FingerprintClient_IDSL_DEVICEFIX03042026\FingerprintClient_IDSL_DEVICEFIX\app\tomcat\bin\bootstrap.jar;D:\housys\FingerprintClient_IDSL_DEVICEFIX03042026\FingerprintClient_IDSL_DEVICEFIX\app\tomcat\bin\tomcat-juli.jar"
Using CATALINA_OPTS:   "-Djava.library.path=D:\housys\FingerprintClient_IDSL_DEVICEFIX03042026\FingerprintClient_IDSL_DEVICEFIX\app\tomcat\bin"
04-Apr-2026 10:22:55.474 SEVERE [main] org.apache.catalina.startup.Catalina.stopServer Could not contact [localhost:18015] (base port [18015] and offset [0]). Tomcat may not be running.
04-Apr-2026 10:22:55.477 SEVERE [main] org.apache.catalina.startup.Catalina.stopServer Error stopping Catalina
	java.net.ConnectException: Connection refused: connect
		at java.net.DualStackPlainSocketImpl.connect0(Native Method)
		at java.net.DualStackPlainSocketImpl.socketConnect(Unknown Source)
		at java.net.AbstractPlainSocketImpl.doConnect(Unknown Source)
		at java.net.AbstractPlainSocketImpl.connectToAddress(Unknown Source)
		at java.net.AbstractPlainSocketImpl.connect(Unknown Source)
		at java.net.PlainSocketImpl.connect(Unknown Source)
		at java.net.SocksSocketImpl.connect(Unknown Source)
		at java.net.Socket.connect(Unknown Source)
		at java.net.Socket.connect(Unknown Source)
		at java.net.Socket.<init>(Unknown Source)
		at java.net.Socket.<init>(Unknown Source)
		at org.apache.catalina.startup.Catalina.stopServer(Catalina.java:630)
		at sun.reflect.NativeMethodAccessorImpl.invoke0(Native Method)
		at sun.reflect.NativeMethodAccessorImpl.invoke(Unknown Source)
		at sun.reflect.DelegatingMethodAccessorImpl.invoke(Unknown Source)
		at java.lang.reflect.Method.invoke(Unknown Source)
		at org.apache.catalina.startup.Bootstrap.stopServer(Bootstrap.java:390)
		at org.apache.catalina.startup.Bootstrap.main(Bootstrap.java:479)
[04-04-2026 10:22:55.48] shutdown attempt 1 exit=
[04-04-2026 10:22:55.51] Tomcat shutdown port closed.
[04-04-2026 10:24:28.20] ========== STOP REQUEST ==========
Using CATALINA_BASE:   "D:\housys\FingerprintClient_IDSL_DEVICEFIX03042026\FingerprintClient_IDSL_DEVICEFIX\app\tomcat"
Using CATALINA_HOME:   "D:\housys\FingerprintClient_IDSL_DEVICEFIX03042026\FingerprintClient_IDSL_DEVICEFIX\app\tomcat"
Using CATALINA_TMPDIR: "D:\housys\FingerprintClient_IDSL_DEVICEFIX03042026\FingerprintClient_IDSL_DEVICEFIX\app\tomcat\temp"
Using JRE_HOME:        "D:\housys\FingerprintClient_IDSL_DEVICEFIX03042026\FingerprintClient_IDSL_DEVICEFIX\app\jre"
Using CLASSPATH:       "D:\housys\FingerprintClient_IDSL_DEVICEFIX03042026\FingerprintClient_IDSL_DEVICEFIX\app\tomcat\bin\bootstrap.jar;D:\housys\FingerprintClient_IDSL_DEVICEFIX03042026\FingerprintClient_IDSL_DEVICEFIX\app\tomcat\bin\tomcat-juli.jar"
Using CATALINA_OPTS:   "-Djava.library.path=D:\housys\FingerprintClient_IDSL_DEVICEFIX03042026\FingerprintClient_IDSL_DEVICEFIX\app\tomcat\bin"
04-Apr-2026 10:24:31.727 SEVERE [main] org.apache.catalina.startup.Catalina.stopServer Could not contact [localhost:18015] (base port [18015] and offset [0]). Tomcat may not be running.
04-Apr-2026 10:24:31.751 SEVERE [main] org.apache.catalina.startup.Catalina.stopServer Error stopping Catalina
	java.net.ConnectException: Connection refused: connect
		at java.net.DualStackPlainSocketImpl.connect0(Native Method)
		at java.net.DualStackPlainSocketImpl.socketConnect(Unknown Source)
		at java.net.AbstractPlainSocketImpl.doConnect(Unknown Source)
		at java.net.AbstractPlainSocketImpl.connectToAddress(Unknown Source)
		at java.net.AbstractPlainSocketImpl.connect(Unknown Source)
		at java.net.PlainSocketImpl.connect(Unknown Source)
		at java.net.SocksSocketImpl.connect(Unknown Source)
		at java.net.Socket.connect(Unknown Source)
		at java.net.Socket.connect(Unknown Source)
		at java.net.Socket.<init>(Unknown Source)
		at java.net.Socket.<init>(Unknown Source)
		at org.apache.catalina.startup.Catalina.stopServer(Catalina.java:630)
		at sun.reflect.NativeMethodAccessorImpl.invoke0(Native Method)
		at sun.reflect.NativeMethodAccessorImpl.invoke(Unknown Source)
		at sun.reflect.DelegatingMethodAccessorImpl.invoke(Unknown Source)
		at java.lang.reflect.Method.invoke(Unknown Source)
		at org.apache.catalina.startup.Bootstrap.stopServer(Bootstrap.java:390)
		at org.apache.catalina.startup.Bootstrap.main(Bootstrap.java:479)
[04-04-2026 10:24:32.32] shutdown attempt 1 exit=
[04-04-2026 10:24:32.55] Tomcat shutdown port closed.
[04-04-2026 10:26:38.52] ========== STOP REQUEST ==========
Using CATALINA_BASE:   "D:\housys\FingerprintClient_IDSL_DEVICEFIX03042026\FingerprintClient_IDSL_DEVICEFIX\app\tomcat"
Using CATALINA_HOME:   "D:\housys\FingerprintClient_IDSL_DEVICEFIX03042026\FingerprintClient_IDSL_DEVICEFIX\app\tomcat"
Using CATALINA_TMPDIR: "D:\housys\FingerprintClient_IDSL_DEVICEFIX03042026\FingerprintClient_IDSL_DEVICEFIX\app\tomcat\temp"
Using JRE_HOME:        "D:\housys\FingerprintClient_IDSL_DEVICEFIX03042026\FingerprintClient_IDSL_DEVICEFIX\app\jre"
Using CLASSPATH:       "D:\housys\FingerprintClient_IDSL_DEVICEFIX03042026\FingerprintClient_IDSL_DEVICEFIX\app\tomcat\bin\bootstrap.jar;D:\housys\FingerprintClient_IDSL_DEVICEFIX03042026\FingerprintClient_IDSL_DEVICEFIX\app\tomcat\bin\tomcat-juli.jar"
Using CATALINA_OPTS:   "-Djava.library.path=D:\housys\FingerprintClient_IDSL_DEVICEFIX03042026\FingerprintClient_IDSL_DEVICEFIX\app\tomcat\bin"
04-Apr-2026 10:26:42.616 SEVERE [main] org.apache.catalina.startup.Catalina.stopServer Could not contact [localhost:18015] (base port [18015] and offset [0]). Tomcat may not be running.
04-Apr-2026 10:26:42.646 SEVERE [main] org.apache.catalina.startup.Catalina.stopServer Error stopping Catalina
	java.net.ConnectException: Connection refused: connect
		at java.net.DualStackPlainSocketImpl.connect0(Native Method)
		at java.net.DualStackPlainSocketImpl.socketConnect(Unknown Source)
		at java.net.AbstractPlainSocketImpl.doConnect(Unknown Source)
		at java.net.AbstractPlainSocketImpl.connectToAddress(Unknown Source)
		at java.net.AbstractPlainSocketImpl.connect(Unknown Source)
		at java.net.PlainSocketImpl.connect(Unknown Source)
		at java.net.SocksSocketImpl.connect(Unknown Source)
		at java.net.Socket.connect(Unknown Source)
		at java.net.Socket.connect(Unknown Source)
		at java.net.Socket.<init>(Unknown Source)
		at java.net.Socket.<init>(Unknown Source)
		at org.apache.catalina.startup.Catalina.stopServer(Catalina.java:630)
		at sun.reflect.NativeMethodAccessorImpl.invoke0(Native Method)
		at sun.reflect.NativeMethodAccessorImpl.invoke(Unknown Source)
		at sun.reflect.DelegatingMethodAccessorImpl.invoke(Unknown Source)
		at java.lang.reflect.Method.invoke(Unknown Source)
		at org.apache.catalina.startup.Bootstrap.stopServer(Bootstrap.java:390)
		at org.apache.catalina.startup.Bootstrap.main(Bootstrap.java:479)
[04-04-2026 10:26:42.68] shutdown attempt 1 exit=
[04-04-2026 10:26:42.71] Tomcat shutdown port closed.
[04-04-2026 10:27:23.39] ========== STOP REQUEST ==========
Using CATALINA_BASE:   "D:\housys\FingerprintClient_IDSL_DEVICEFIX03042026\FingerprintClient_IDSL_DEVICEFIX\app\tomcat"
Using CATALINA_HOME:   "D:\housys\FingerprintClient_IDSL_DEVICEFIX03042026\FingerprintClient_IDSL_DEVICEFIX\app\tomcat"
Using CATALINA_TMPDIR: "D:\housys\FingerprintClient_IDSL_DEVICEFIX03042026\FingerprintClient_IDSL_DEVICEFIX\app\tomcat\temp"
Using JRE_HOME:        "D:\housys\FingerprintClient_IDSL_DEVICEFIX03042026\FingerprintClient_IDSL_DEVICEFIX\app\jre"
Using CLASSPATH:       "D:\housys\FingerprintClient_IDSL_DEVICEFIX03042026\FingerprintClient_IDSL_DEVICEFIX\app\tomcat\bin\bootstrap.jar;D:\housys\FingerprintClient_IDSL_DEVICEFIX03042026\FingerprintClient_IDSL_DEVICEFIX\app\tomcat\bin\tomcat-juli.jar"
Using CATALINA_OPTS:   "-Djava.library.path=D:\housys\FingerprintClient_IDSL_DEVICEFIX03042026\FingerprintClient_IDSL_DEVICEFIX\app\tomcat\bin"
[04-04-2026 10:27:23.78] Tomcat shutdown port closed.
[04-04-2026 10:27:26.29] ========== STOP REQUEST ==========
Using CATALINA_BASE:   "D:\housys\FingerprintClient_IDSL_DEVICEFIX03042026\FingerprintClient_IDSL_DEVICEFIX\app\tomcat"
Using CATALINA_HOME:   "D:\housys\FingerprintClient_IDSL_DEVICEFIX03042026\FingerprintClient_IDSL_DEVICEFIX\app\tomcat"
Using CATALINA_TMPDIR: "D:\housys\FingerprintClient_IDSL_DEVICEFIX03042026\FingerprintClient_IDSL_DEVICEFIX\app\tomcat\temp"
Using JRE_HOME:        "D:\housys\FingerprintClient_IDSL_DEVICEFIX03042026\FingerprintClient_IDSL_DEVICEFIX\app\jre"
Using CLASSPATH:       "D:\housys\FingerprintClient_IDSL_DEVICEFIX03042026\FingerprintClient_IDSL_DEVICEFIX\app\tomcat\bin\bootstrap.jar;D:\housys\FingerprintClient_IDSL_DEVICEFIX03042026\FingerprintClient_IDSL_DEVICEFIX\app\tomcat\bin\tomcat-juli.jar"
Using CATALINA_OPTS:   "-Djava.library.path=D:\housys\FingerprintClient_IDSL_DEVICEFIX03042026\FingerprintClient_IDSL_DEVICEFIX\app\tomcat\bin"
04-Apr-2026 10:27:28.623 SEVERE [main] org.apache.catalina.startup.Catalina.stopServer Could not contact [localhost:18015] (base port [18015] and offset [0]). Tomcat may not be running.
04-Apr-2026 10:27:28.625 SEVERE [main] org.apache.catalina.startup.Catalina.stopServer Error stopping Catalina
	java.net.ConnectException: Connection refused: connect
		at java.net.DualStackPlainSocketImpl.connect0(Native Method)
		at java.net.DualStackPlainSocketImpl.socketConnect(Unknown Source)
		at java.net.AbstractPlainSocketImpl.doConnect(Unknown Source)
		at java.net.AbstractPlainSocketImpl.connectToAddress(Unknown Source)
		at java.net.AbstractPlainSocketImpl.connect(Unknown Source)
		at java.net.PlainSocketImpl.connect(Unknown Source)
		at java.net.SocksSocketImpl.connect(Unknown Source)
		at java.net.Socket.connect(Unknown Source)
		at java.net.Socket.connect(Unknown Source)
		at java.net.Socket.<init>(Unknown Source)
		at java.net.Socket.<init>(Unknown Source)
		at org.apache.catalina.startup.Catalina.stopServer(Catalina.java:630)
		at sun.reflect.NativeMethodAccessorImpl.invoke0(Native Method)
		at sun.reflect.NativeMethodAccessorImpl.invoke(Unknown Source)
		at sun.reflect.DelegatingMethodAccessorImpl.invoke(Unknown Source)
		at java.lang.reflect.Method.invoke(Unknown Source)
		at org.apache.catalina.startup.Bootstrap.stopServer(Bootstrap.java:390)
		at org.apache.catalina.startup.Bootstrap.main(Bootstrap.java:479)
[04-04-2026 10:27:28.63] shutdown attempt 1 exit=
[04-04-2026 10:27:28.66] Tomcat shutdown port closed.
[04-04-2026 10:40:11.61] ========== STOP REQUEST ==========
Using CATALINA_BASE:   "D:\housys\FingerprintClient_IDSL_DEVICEFIX03042026\FingerprintClient_IDSL_DEVICEFIX\app\tomcat"
Using CATALINA_HOME:   "D:\housys\FingerprintClient_IDSL_DEVICEFIX03042026\FingerprintClient_IDSL_DEVICEFIX\app\tomcat"
Using CATALINA_TMPDIR: "D:\housys\FingerprintClient_IDSL_DEVICEFIX03042026\FingerprintClient_IDSL_DEVICEFIX\app\tomcat\temp"
Using JRE_HOME:        "D:\housys\FingerprintClient_IDSL_DEVICEFIX03042026\FingerprintClient_IDSL_DEVICEFIX\app\jre"
Using CLASSPATH:       "D:\housys\FingerprintClient_IDSL_DEVICEFIX03042026\FingerprintClient_IDSL_DEVICEFIX\app\tomcat\bin\bootstrap.jar;D:\housys\FingerprintClient_IDSL_DEVICEFIX03042026\FingerprintClient_IDSL_DEVICEFIX\app\tomcat\bin\tomcat-juli.jar"
Using CATALINA_OPTS:   "-Djava.library.path=D:\housys\FingerprintClient_IDSL_DEVICEFIX03042026\FingerprintClient_IDSL_DEVICEFIX\app\tomcat\bin"
04-Apr-2026 10:40:16.610 SEVERE [main] org.apache.catalina.startup.Catalina.stopServer Could not contact [localhost:18015] (base port [18015] and offset [0]). Tomcat may not be running.
04-Apr-2026 10:40:16.644 SEVERE [main] org.apache.catalina.startup.Catalina.stopServer Error stopping Catalina
	java.net.ConnectException: Connection refused: connect
		at java.net.DualStackPlainSocketImpl.connect0(Native Method)
		at java.net.DualStackPlainSocketImpl.socketConnect(Unknown Source)
		at java.net.AbstractPlainSocketImpl.doConnect(Unknown Source)
		at java.net.AbstractPlainSocketImpl.connectToAddress(Unknown Source)
		at java.net.AbstractPlainSocketImpl.connect(Unknown Source)
		at java.net.PlainSocketImpl.connect(Unknown Source)
		at java.net.SocksSocketImpl.connect(Unknown Source)
		at java.net.Socket.connect(Unknown Source)
		at java.net.Socket.connect(Unknown Source)
		at java.net.Socket.<init>(Unknown Source)
		at java.net.Socket.<init>(Unknown Source)
		at org.apache.catalina.startup.Catalina.stopServer(Catalina.java:630)
		at sun.reflect.NativeMethodAccessorImpl.invoke0(Native Method)
		at sun.reflect.NativeMethodAccessorImpl.invoke(Unknown Source)
		at sun.reflect.DelegatingMethodAccessorImpl.invoke(Unknown Source)
		at java.lang.reflect.Method.invoke(Unknown Source)
		at org.apache.catalina.startup.Bootstrap.stopServer(Bootstrap.java:390)
		at org.apache.catalina.startup.Bootstrap.main(Bootstrap.java:479)
[04-04-2026 10:40:16.68] shutdown attempt 1 exit=
[04-04-2026 10:40:16.72] Tomcat shutdown port closed.
[04-04-2026 10:48:10.12] ========== STOP REQUEST ==========
Using CATALINA_BASE:   "D:\housys\FingerprintClient_IDSL_DEVICEFIX03042026\FingerprintClient_IDSL_DEVICEFIX\app\tomcat"
Using CATALINA_HOME:   "D:\housys\FingerprintClient_IDSL_DEVICEFIX03042026\FingerprintClient_IDSL_DEVICEFIX\app\tomcat"
Using CATALINA_TMPDIR: "D:\housys\FingerprintClient_IDSL_DEVICEFIX03042026\FingerprintClient_IDSL_DEVICEFIX\app\tomcat\temp"
Using JRE_HOME:        "D:\housys\FingerprintClient_IDSL_DEVICEFIX03042026\FingerprintClient_IDSL_DEVICEFIX\app\jre"
Using CLASSPATH:       "D:\housys\FingerprintClient_IDSL_DEVICEFIX03042026\FingerprintClient_IDSL_DEVICEFIX\app\tomcat\bin\bootstrap.jar;D:\housys\FingerprintClient_IDSL_DEVICEFIX03042026\FingerprintClient_IDSL_DEVICEFIX\app\tomcat\bin\tomcat-juli.jar"
Using CATALINA_OPTS:   "-Djava.library.path=D:\housys\FingerprintClient_IDSL_DEVICEFIX03042026\FingerprintClient_IDSL_DEVICEFIX\app\tomcat\bin"
[04-04-2026 10:48:10.73] Tomcat shutdown port closed.
[04-04-2026 10:48:13.57] ========== STOP REQUEST ==========
Using CATALINA_BASE:   "D:\housys\FingerprintClient_IDSL_DEVICEFIX03042026\FingerprintClient_IDSL_DEVICEFIX\app\tomcat"
Using CATALINA_HOME:   "D:\housys\FingerprintClient_IDSL_DEVICEFIX03042026\FingerprintClient_IDSL_DEVICEFIX\app\tomcat"
Using CATALINA_TMPDIR: "D:\housys\FingerprintClient_IDSL_DEVICEFIX03042026\FingerprintClient_IDSL_DEVICEFIX\app\tomcat\temp"
Using JRE_HOME:        "D:\housys\FingerprintClient_IDSL_DEVICEFIX03042026\FingerprintClient_IDSL_DEVICEFIX\app\jre"
Using CLASSPATH:       "D:\housys\FingerprintClient_IDSL_DEVICEFIX03042026\FingerprintClient_IDSL_DEVICEFIX\app\tomcat\bin\bootstrap.jar;D:\housys\FingerprintClient_IDSL_DEVICEFIX03042026\FingerprintClient_IDSL_DEVICEFIX\app\tomcat\bin\tomcat-juli.jar"
Using CATALINA_OPTS:   "-Djava.library.path=D:\housys\FingerprintClient_IDSL_DEVICEFIX03042026\FingerprintClient_IDSL_DEVICEFIX\app\tomcat\bin"
04-Apr-2026 10:48:16.003 SEVERE [main] org.apache.catalina.startup.Catalina.stopServer Could not contact [localhost:18015] (base port [18015] and offset [0]). Tomcat may not be running.
04-Apr-2026 10:48:16.007 SEVERE [main] org.apache.catalina.startup.Catalina.stopServer Error stopping Catalina
	java.net.ConnectException: Connection refused: connect
		at java.net.DualStackPlainSocketImpl.connect0(Native Method)
		at java.net.DualStackPlainSocketImpl.socketConnect(Unknown Source)
		at java.net.AbstractPlainSocketImpl.doConnect(Unknown Source)
		at java.net.AbstractPlainSocketImpl.connectToAddress(Unknown Source)
		at java.net.AbstractPlainSocketImpl.connect(Unknown Source)
		at java.net.PlainSocketImpl.connect(Unknown Source)
		at java.net.SocksSocketImpl.connect(Unknown Source)
		at java.net.Socket.connect(Unknown Source)
		at java.net.Socket.connect(Unknown Source)
		at java.net.Socket.<init>(Unknown Source)
		at java.net.Socket.<init>(Unknown Source)
		at org.apache.catalina.startup.Catalina.stopServer(Catalina.java:630)
		at sun.reflect.NativeMethodAccessorImpl.invoke0(Native Method)
		at sun.reflect.NativeMethodAccessorImpl.invoke(Unknown Source)
		at sun.reflect.DelegatingMethodAccessorImpl.invoke(Unknown Source)
		at java.lang.reflect.Method.invoke(Unknown Source)
		at org.apache.catalina.startup.Bootstrap.stopServer(Bootstrap.java:390)
		at org.apache.catalina.startup.Bootstrap.main(Bootstrap.java:479)
[04-04-2026 10:48:16.02] shutdown attempt 1 exit=
[04-04-2026 10:48:16.07] Tomcat shutdown port closed.
[04-04-2026 10:53:18.44] ========== STOP REQUEST ==========
ERROR: The process with PID 13848 (child process of PID 11100) could not be terminated.
Reason: Access is denied.
[04-04-2026 10:53:18.59] Killed PID 13848 on port 8080
ERROR: The process with PID 13848 (child process of PID 11100) could not be terminated.
Reason: Access is denied.
[04-04-2026 10:53:18.69] Killed PID 13848 on port 8080
ERROR: The process with PID 13848 (child process of PID 11100) could not be terminated.
Reason: Access is denied.
[04-04-2026 10:53:21.16] Killed PID 13848 on port 8080
ERROR: The process with PID 13848 (child process of PID 11100) could not be terminated.
Reason: Access is denied.
[04-04-2026 10:53:21.28] Killed PID 13848 on port 8080
ERROR: The process with PID 13848 (child process of PID 11100) could not be terminated.
Reason: Access is denied.
[04-04-2026 10:53:23.25] Killed PID 13848 on port 8080
ERROR: The process with PID 13848 (child process of PID 11100) could not be terminated.
Reason: Access is denied.
[04-04-2026 10:53:23.38] Killed PID 13848 on port 8080
ERROR: The process with PID 13848 (child process of PID 11100) could not be terminated.
Reason: Access is denied.
[04-04-2026 10:53:25.43] Killed PID 13848 on port 8080
ERROR: The process with PID 13848 (child process of PID 11100) could not be terminated.
Reason: Access is denied.
[04-04-2026 10:53:25.53] Killed PID 13848 on port 8080
ERROR: The process with PID 13848 (child process of PID 11100) could not be terminated.
Reason: Access is denied.
[04-04-2026 10:53:27.54] Killed PID 13848 on port 8080
ERROR: The process with PID 13848 (child process of PID 11100) could not be terminated.
Reason: Access is denied.
[04-04-2026 10:53:27.63] Killed PID 13848 on port 8080
ERROR: The process with PID 13848 (child process of PID 11100) could not be terminated.
Reason: Access is denied.
[04-04-2026 10:53:29.68] Killed PID 13848 on port 8080
ERROR: The process with PID 13848 (child process of PID 11100) could not be terminated.
Reason: Access is denied.
[04-04-2026 10:53:29.78] Killed PID 13848 on port 8080
ERROR: The process with PID 13848 (child process of PID 11100) could not be terminated.
Reason: Access is denied.
[04-04-2026 10:53:31.84] Killed PID 13848 on port 8080
ERROR: The process with PID 13848 (child process of PID 11100) could not be terminated.
Reason: Access is denied.
[04-04-2026 10:53:31.94] Killed PID 13848 on port 8080
ERROR: The process with PID 13848 (child process of PID 11100) could not be terminated.
Reason: Access is denied.
[04-04-2026 10:53:34.00] Killed PID 13848 on port 8080
ERROR: The process with PID 13848 (child process of PID 11100) could not be terminated.
Reason: Access is denied.
[04-04-2026 10:53:34.10] Killed PID 13848 on port 8080
ERROR: The process with PID 13848 (child process of PID 11100) could not be terminated.
Reason: Access is denied.
[04-04-2026 10:53:36.12] Killed PID 13848 on port 8080
ERROR: The process with PID 13848 (child process of PID 11100) could not be terminated.
Reason: Access is denied.
[04-04-2026 10:53:36.23] Killed PID 13848 on port 8080
ERROR: The process with PID 13848 (child process of PID 11100) could not be terminated.
Reason: Access is denied.
[04-04-2026 10:53:38.27] Killed PID 13848 on port 8080
ERROR: The process with PID 13848 (child process of PID 11100) could not be terminated.
Reason: Access is denied.
[04-04-2026 10:53:38.40] Killed PID 13848 on port 8080
ERROR: The process with PID 13848 (child process of PID 11100) could not be terminated.
Reason: Access is denied.
[04-04-2026 10:53:40.42] Killed PID 13848 on port 8080
ERROR: The process with PID 13848 (child process of PID 11100) could not be terminated.
Reason: Access is denied.
[04-04-2026 10:53:40.54] Killed PID 13848 on port 8080
ERROR: The process with PID 13848 (child process of PID 11100) could not be terminated.
Reason: Access is denied.
[04-04-2026 10:53:42.57] Killed PID 13848 on port 8080
ERROR: The process with PID 13848 (child process of PID 11100) could not be terminated.
Reason: Access is denied.
[04-04-2026 10:53:42.67] Killed PID 13848 on port 8080
ERROR: The process with PID 13848 (child process of PID 11100) could not be terminated.
Reason: Access is denied.
[04-04-2026 10:53:44.67] Killed PID 13848 on port 8080
ERROR: The process with PID 13848 (child process of PID 11100) could not be terminated.
Reason: Access is denied.
[04-04-2026 10:53:44.76] Killed PID 13848 on port 8080
ERROR: The process with PID 13848 (child process of PID 11100) could not be terminated.
Reason: Access is denied.
[04-04-2026 10:53:46.80] Killed PID 13848 on port 8080
ERROR: The process with PID 13848 (child process of PID 11100) could not be terminated.
Reason: Access is denied.
[04-04-2026 10:53:46.90] Killed PID 13848 on port 8080
ERROR: The process with PID 13848 (child process of PID 11100) could not be terminated.
Reason: Access is denied.
[04-04-2026 10:53:48.92] Killed PID 13848 on port 8080
ERROR: The process with PID 13848 (child process of PID 11100) could not be terminated.
Reason: Access is denied.
[04-04-2026 10:53:49.03] Killed PID 13848 on port 8080
ERROR: The process with PID 13848 (child process of PID 11100) could not be terminated.
Reason: Access is denied.
[04-04-2026 10:53:51.07] Killed PID 13848 on port 8080
ERROR: The process with PID 13848 (child process of PID 11100) could not be terminated.
Reason: Access is denied.
[04-04-2026 10:53:51.18] Killed PID 13848 on port 8080
ERROR: The process with PID 13848 (child process of PID 11100) could not be terminated.
Reason: Access is denied.
[04-04-2026 10:53:53.23] Killed PID 13848 on port 8080
ERROR: The process with PID 13848 (child process of PID 11100) could not be terminated.
Reason: Access is denied.
[04-04-2026 10:53:53.36] Killed PID 13848 on port 8080
ERROR: The process with PID 13848 (child process of PID 11100) could not be terminated.
Reason: Access is denied.
[04-04-2026 10:53:55.35] Killed PID 13848 on port 8080
ERROR: The process with PID 13848 (child process of PID 11100) could not be terminated.
Reason: Access is denied.
[04-04-2026 10:53:55.45] Killed PID 13848 on port 8080
ERROR: The process with PID 13848 (child process of PID 11100) could not be terminated.
Reason: Access is denied.
[04-04-2026 10:53:57.45] Killed PID 13848 on port 8080
ERROR: The process with PID 13848 (child process of PID 11100) could not be terminated.
Reason: Access is denied.
[04-04-2026 10:53:57.54] Killed PID 13848 on port 8080
ERROR: The process with PID 13848 (child process of PID 11100) could not be terminated.
Reason: Access is denied.
[04-04-2026 10:53:59.58] Killed PID 13848 on port 8080
ERROR: The process with PID 13848 (child process of PID 11100) could not be terminated.
Reason: Access is denied.
[04-04-2026 10:53:59.68] Killed PID 13848 on port 8080
[04-04-2026 10:54:01.61] WARN: Tomcat process still detected after retries.
[04-04-2026 15:32:15.16] ========== STOP REQUEST ==========
[04-04-2026 18:07:26.66] ========== STOP REQUEST ==========
ERROR: The process with PID 1428 (child process of PID 16808) could not be terminated.
Reason: Access is denied.
[04-04-2026 18:07:27.43] WARN: Failed to kill PID 1428 on port 8080
ERROR: The process with PID 1428 (child process of PID 16808) could not be terminated.
Reason: Access is denied.
[04-04-2026 18:07:27.64] WARN: Failed to kill PID 1428 on port 8080
ERROR: The process with PID 1428 (child process of PID 16808) could not be terminated.
Reason: Access is denied.
[04-04-2026 18:07:31.25] WARN: Failed to kill PID 1428 on port 8080
ERROR: The process with PID 1428 (child process of PID 16808) could not be terminated.
Reason: Access is denied.
[04-04-2026 18:07:31.47] WARN: Failed to kill PID 1428 on port 8080
ERROR: The process with PID 1428 (child process of PID 16808) could not be terminated.
Reason: Access is denied.
[04-04-2026 18:07:35.03] WARN: Failed to kill PID 1428 on port 8080
ERROR: The process with PID 1428 (child process of PID 16808) could not be terminated.
Reason: Access is denied.
[04-04-2026 18:07:35.25] WARN: Failed to kill PID 1428 on port 8080
ERROR: The process with PID 1428 (child process of PID 16808) could not be terminated.
Reason: Access is denied.
[04-04-2026 18:07:38.78] WARN: Failed to kill PID 1428 on port 8080
ERROR: The process with PID 1428 (child process of PID 16808) could not be terminated.
Reason: Access is denied.
[04-04-2026 18:07:38.99] WARN: Failed to kill PID 1428 on port 8080
ERROR: The process with PID 1428 (child process of PID 16808) could not be terminated.
Reason: Access is denied.
[04-04-2026 18:07:42.59] WARN: Failed to kill PID 1428 on port 8080
ERROR: The process with PID 1428 (child process of PID 16808) could not be terminated.
Reason: Access is denied.
[04-04-2026 18:07:42.83] WARN: Failed to kill PID 1428 on port 8080
ERROR: The process with PID 1428 (child process of PID 16808) could not be terminated.
Reason: Access is denied.
[04-04-2026 18:07:46.35] WARN: Failed to kill PID 1428 on port 8080
ERROR: The process with PID 1428 (child process of PID 16808) could not be terminated.
Reason: Access is denied.
[04-04-2026 18:07:46.57] WARN: Failed to kill PID 1428 on port 8080
ERROR: The process with PID 1428 (child process of PID 16808) could not be terminated.
Reason: Access is denied.
[04-04-2026 18:07:50.05] WARN: Failed to kill PID 1428 on port 8080
ERROR: The process with PID 1428 (child process of PID 16808) could not be terminated.
Reason: Access is denied.
[04-04-2026 18:07:50.30] WARN: Failed to kill PID 1428 on port 8080
ERROR: The process with PID 1428 (child process of PID 16808) could not be terminated.
Reason: Access is denied.
[04-04-2026 18:07:53.83] WARN: Failed to kill PID 1428 on port 8080
ERROR: The process with PID 1428 (child process of PID 16808) could not be terminated.
Reason: Access is denied.
[04-04-2026 18:07:54.07] WARN: Failed to kill PID 1428 on port 8080
ERROR: The process with PID 1428 (child process of PID 16808) could not be terminated.
Reason: Access is denied.
[04-04-2026 18:07:57.58] WARN: Failed to kill PID 1428 on port 8080
ERROR: The process with PID 1428 (child process of PID 16808) could not be terminated.
Reason: Access is denied.
[04-04-2026 18:07:57.82] WARN: Failed to kill PID 1428 on port 8080
ERROR: The process with PID 1428 (child process of PID 16808) could not be terminated.
Reason: Access is denied.
[04-04-2026 18:08:01.32] WARN: Failed to kill PID 1428 on port 8080
ERROR: The process with PID 1428 (child process of PID 16808) could not be terminated.
Reason: Access is denied.
[04-04-2026 18:08:01.57] WARN: Failed to kill PID 1428 on port 8080
ERROR: The process with PID 1428 (child process of PID 16808) could not be terminated.
Reason: Access is denied.
[04-04-2026 18:08:05.13] WARN: Failed to kill PID 1428 on port 8080
ERROR: The process with PID 1428 (child process of PID 16808) could not be terminated.
Reason: Access is denied.
[04-04-2026 18:08:05.34] WARN: Failed to kill PID 1428 on port 8080
ERROR: The process with PID 1428 (child process of PID 16808) could not be terminated.
Reason: Access is denied.
[04-04-2026 18:08:08.90] WARN: Failed to kill PID 1428 on port 8080
ERROR: The process with PID 1428 (child process of PID 16808) could not be terminated.
Reason: Access is denied.
[04-04-2026 18:08:09.12] WARN: Failed to kill PID 1428 on port 8080
ERROR: The process with PID 1428 (child process of PID 16808) could not be terminated.
Reason: Access is denied.
[04-04-2026 18:08:12.67] WARN: Failed to kill PID 1428 on port 8080
ERROR: The process with PID 1428 (child process of PID 16808) could not be terminated.
Reason: Access is denied.
[04-04-2026 18:08:12.88] WARN: Failed to kill PID 1428 on port 8080
ERROR: The process with PID 1428 (child process of PID 16808) could not be terminated.
Reason: Access is denied.
[04-04-2026 18:08:16.40] WARN: Failed to kill PID 1428 on port 8080
ERROR: The process with PID 1428 (child process of PID 16808) could not be terminated.
Reason: Access is denied.
[04-04-2026 18:08:16.63] WARN: Failed to kill PID 1428 on port 8080
ERROR: The process with PID 1428 (child process of PID 16808) could not be terminated.
Reason: Access is denied.
[04-04-2026 18:08:20.16] WARN: Failed to kill PID 1428 on port 8080
ERROR: The process with PID 1428 (child process of PID 16808) could not be terminated.
Reason: Access is denied.
[04-04-2026 18:08:20.39] WARN: Failed to kill PID 1428 on port 8080
ERROR: The process with PID 1428 (child process of PID 16808) could not be terminated.
Reason: Access is denied.
[04-04-2026 18:08:23.85] WARN: Failed to kill PID 1428 on port 8080
ERROR: The process with PID 1428 (child process of PID 16808) could not be terminated.
Reason: Access is denied.
[04-04-2026 18:08:24.09] WARN: Failed to kill PID 1428 on port 8080
ERROR: The process with PID 1428 (child process of PID 16808) could not be terminated.
Reason: Access is denied.
[04-04-2026 18:08:27.61] WARN: Failed to kill PID 1428 on port 8080
ERROR: The process with PID 1428 (child process of PID 16808) could not be terminated.
Reason: Access is denied.
[04-04-2026 18:08:27.81] WARN: Failed to kill PID 1428 on port 8080
ERROR: The process with PID 1428 (child process of PID 16808) could not be terminated.
Reason: Access is denied.
[04-04-2026 18:08:31.32] WARN: Failed to kill PID 1428 on port 8080
ERROR: The process with PID 1428 (child process of PID 16808) could not be terminated.
Reason: Access is denied.
[04-04-2026 18:08:31.54] WARN: Failed to kill PID 1428 on port 8080
ERROR: The process with PID 1428 (child process of PID 16808) could not be terminated.
Reason: Access is denied.
[04-04-2026 18:08:35.07] WARN: Failed to kill PID 1428 on port 8080
ERROR: The process with PID 1428 (child process of PID 16808) could not be terminated.
Reason: Access is denied.
[04-04-2026 18:08:35.31] WARN: Failed to kill PID 1428 on port 8080
ERROR: The process with PID 1428 (child process of PID 16808) could not be terminated.
Reason: Access is denied.
[04-04-2026 18:08:38.82] WARN: Failed to kill PID 1428 on port 8080
ERROR: The process with PID 1428 (child process of PID 16808) could not be terminated.
Reason: Access is denied.
[04-04-2026 18:08:39.04] WARN: Failed to kill PID 1428 on port 8080
[04-04-2026 18:08:42.24] WARN: Tomcat process still detected after retries.
[04-04-2026 18:46:39.98] ========== STOP REQUEST ==========
[04-04-2026 18:48:00.46] Tomcat process stopped.
[04-04-2026 18:48:18.69] ========== STOP REQUEST ==========
[04-04-2026 18:49:32.76] Tomcat process stopped.
[04-04-2026 18:49:32.81] ========== STOP REQUEST ==========
[04-04-2026 18:53:23.61] ========== STOP REQUEST ==========
[04-04-2026 18:54:36.00] Tomcat process stopped.
[04-04-2026 18:54:54.28] ========== STOP REQUEST ==========
[04-04-2026 18:56:05.47] Tomcat process stopped.
[04-04-2026 18:56:24.75] ========== STOP REQUEST ==========
[04-04-2026 18:57:38.14] Tomcat process stopped.
[04-04-2026 18:57:57.39] ========== STOP REQUEST ==========
[04-04-2026 19:06:32.02] ========== STOP REQUEST ==========
[04-04-2026 19:07:31.39] Tomcat process stopped.
[04-04-2026 19:15:56.19] ========== STOP REQUEST ==========
[04-04-2026 19:17:02.09] Tomcat process stopped.
[04-04-2026 19:25:37.81] ========== STOP REQUEST ==========
[04-04-2026 19:26:38.49] Tomcat process stopped.
[04-04-2026 19:41:04.76] ========== STOP REQUEST ==========
[04-04-2026 19:42:06.50] Tomcat process stopped.
[04-04-2026 19:44:59.32] ========== STOP REQUEST ==========
[04-04-2026 19:46:00.56] Tomcat process stopped.
[04-04-2026 19:50:39.14] ========== STOP REQUEST ==========
[04-04-2026 19:51:42.11] Tomcat process stopped.
[04-04-2026 20:32:04.03] ========== STOP REQUEST ==========
[04-04-2026 20:33:06.90] Tomcat process stopped.
[04-04-2026 20:39:10.76] ========== STOP REQUEST ==========
[04-04-2026 20:40:15.88] Tomcat process stopped.
[05-04-2026 11:03:17.45] ========== STOP REQUEST ==========
[05-04-2026 11:04:26.60] Tomcat process stopped.
[05-04-2026 11:44:21.21] ========== STOP REQUEST ==========
ERROR: The process with PID 15372 (child process of PID 17192) could not be terminated.
Reason: Access is denied.
[05-04-2026 11:44:22.20] WARN: Failed to kill PID 15372 on port 8080
ERROR: The process with PID 15372 (child process of PID 17192) could not be terminated.
Reason: Access is denied.
[05-04-2026 11:44:22.42] WARN: Failed to kill PID 15372 on port 8080
ERROR: The process with PID 15372 (child process of PID 17192) could not be terminated.
Reason: Access is denied.
[05-04-2026 11:44:26.02] WARN: Failed to kill PID 15372 on port 8080
ERROR: The process with PID 15372 (child process of PID 17192) could not be terminated.
Reason: Access is denied.
[05-04-2026 11:44:26.22] WARN: Failed to kill PID 15372 on port 8080
ERROR: The process with PID 15372 (child process of PID 17192) could not be terminated.
Reason: Access is denied.
[05-04-2026 11:44:29.61] WARN: Failed to kill PID 15372 on port 8080
ERROR: The process with PID 15372 (child process of PID 17192) could not be terminated.
Reason: Access is denied.
[05-04-2026 11:44:29.82] WARN: Failed to kill PID 15372 on port 8080
ERROR: The process with PID 15372 (child process of PID 17192) could not be terminated.
Reason: Access is denied.
[05-04-2026 11:44:33.18] WARN: Failed to kill PID 15372 on port 8080
ERROR: The process with PID 15372 (child process of PID 17192) could not be terminated.
Reason: Access is denied.
[05-04-2026 11:44:33.39] WARN: Failed to kill PID 15372 on port 8080
ERROR: The process with PID 15372 (child process of PID 17192) could not be terminated.
Reason: Access is denied.
[05-04-2026 11:44:36.80] WARN: Failed to kill PID 15372 on port 8080
ERROR: The process with PID 15372 (child process of PID 17192) could not be terminated.
Reason: Access is denied.
[05-04-2026 11:44:36.99] WARN: Failed to kill PID 15372 on port 8080
ERROR: The process with PID 15372 (child process of PID 17192) could not be terminated.
Reason: Access is denied.
[05-04-2026 11:44:40.35] WARN: Failed to kill PID 15372 on port 8080
ERROR: The process with PID 15372 (child process of PID 17192) could not be terminated.
Reason: Access is denied.
[05-04-2026 11:44:40.57] WARN: Failed to kill PID 15372 on port 8080
ERROR: The process with PID 15372 (child process of PID 17192) could not be terminated.
Reason: Access is denied.
[05-04-2026 11:44:43.91] WARN: Failed to kill PID 15372 on port 8080
ERROR: The process with PID 15372 (child process of PID 17192) could not be terminated.
Reason: Access is denied.
[05-04-2026 11:44:44.14] WARN: Failed to kill PID 15372 on port 8080
ERROR: The process with PID 15372 (child process of PID 17192) could not be terminated.
Reason: Access is denied.
[05-04-2026 11:44:47.56] WARN: Failed to kill PID 15372 on port 8080
ERROR: The process with PID 15372 (child process of PID 17192) could not be terminated.
Reason: Access is denied.
[05-04-2026 11:44:47.79] WARN: Failed to kill PID 15372 on port 8080
ERROR: The process with PID 15372 (child process of PID 17192) could not be terminated.
Reason: Access is denied.
[05-04-2026 11:44:50.97] WARN: Failed to kill PID 15372 on port 8080
ERROR: The process with PID 15372 (child process of PID 17192) could not be terminated.
Reason: Access is denied.
[05-04-2026 11:44:51.19] WARN: Failed to kill PID 15372 on port 8080
ERROR: The process with PID 15372 (child process of PID 17192) could not be terminated.
Reason: Access is denied.
[05-04-2026 11:44:54.56] WARN: Failed to kill PID 15372 on port 8080
ERROR: The process with PID 15372 (child process of PID 17192) could not be terminated.
Reason: Access is denied.
[05-04-2026 11:44:54.79] WARN: Failed to kill PID 15372 on port 8080
ERROR: The process with PID 15372 (child process of PID 17192) could not be terminated.
Reason: Access is denied.
[05-04-2026 11:44:58.16] WARN: Failed to kill PID 15372 on port 8080
ERROR: The process with PID 15372 (child process of PID 17192) could not be terminated.
Reason: Access is denied.
[05-04-2026 11:44:58.39] WARN: Failed to kill PID 15372 on port 8080
ERROR: The process with PID 15372 (child process of PID 17192) could not be terminated.
Reason: Access is denied.
[05-04-2026 11:45:01.81] WARN: Failed to kill PID 15372 on port 8080
ERROR: The process with PID 15372 (child process of PID 17192) could not be terminated.
Reason: Access is denied.
[05-04-2026 11:45:02.02] WARN: Failed to kill PID 15372 on port 8080
ERROR: The process with PID 15372 (child process of PID 17192) could not be terminated.
Reason: Access is denied.
[05-04-2026 11:45:05.39] WARN: Failed to kill PID 15372 on port 8080
ERROR: The process with PID 15372 (child process of PID 17192) could not be terminated.
Reason: Access is denied.
[05-04-2026 11:45:05.59] WARN: Failed to kill PID 15372 on port 8080
ERROR: The process with PID 15372 (child process of PID 17192) could not be terminated.
Reason: Access is denied.
[05-04-2026 11:45:08.98] WARN: Failed to kill PID 15372 on port 8080
ERROR: The process with PID 15372 (child process of PID 17192) could not be terminated.
Reason: Access is denied.
[05-04-2026 11:45:09.20] WARN: Failed to kill PID 15372 on port 8080
ERROR: The process with PID 15372 (child process of PID 17192) could not be terminated.
Reason: Access is denied.
[05-04-2026 11:45:12.57] WARN: Failed to kill PID 15372 on port 8080
ERROR: The process with PID 15372 (child process of PID 17192) could not be terminated.
Reason: Access is denied.
[05-04-2026 11:45:12.80] WARN: Failed to kill PID 15372 on port 8080
ERROR: The process with PID 15372 (child process of PID 17192) could not be terminated.
Reason: Access is denied.
[05-04-2026 11:45:16.19] WARN: Failed to kill PID 15372 on port 8080
ERROR: The process with PID 15372 (child process of PID 17192) could not be terminated.
Reason: Access is denied.
[05-04-2026 11:45:16.41] WARN: Failed to kill PID 15372 on port 8080
ERROR: The process with PID 15372 (child process of PID 17192) could not be terminated.
Reason: Access is denied.
[05-04-2026 11:45:19.80] WARN: Failed to kill PID 15372 on port 8080
ERROR: The process with PID 15372 (child process of PID 17192) could not be terminated.
Reason: Access is denied.
[05-04-2026 11:45:20.03] WARN: Failed to kill PID 15372 on port 8080
ERROR: The process with PID 15372 (child process of PID 17192) could not be terminated.
Reason: Access is denied.
[05-04-2026 11:45:23.43] WARN: Failed to kill PID 15372 on port 8080
ERROR: The process with PID 15372 (child process of PID 17192) could not be terminated.
Reason: Access is denied.
[05-04-2026 11:45:23.65] WARN: Failed to kill PID 15372 on port 8080
ERROR: The process with PID 15372 (child process of PID 17192) could not be terminated.
Reason: Access is denied.
[05-04-2026 11:45:27.16] WARN: Failed to kill PID 15372 on port 8080
ERROR: The process with PID 15372 (child process of PID 17192) could not be terminated.
Reason: Access is denied.
[05-04-2026 11:45:27.37] WARN: Failed to kill PID 15372 on port 8080
ERROR: The process with PID 15372 (child process of PID 17192) could not be terminated.
Reason: Access is denied.
[05-04-2026 11:45:30.98] WARN: Failed to kill PID 15372 on port 8080
ERROR: The process with PID 15372 (child process of PID 17192) could not be terminated.
Reason: Access is denied.
[05-04-2026 11:45:31.20] WARN: Failed to kill PID 15372 on port 8080
[05-04-2026 11:45:34.43] WARN: Tomcat process still detected after retries.
[05-04-2026 12:09:53.34] ========== STOP REQUEST ==========
[05-04-2026 12:11:07.88] Tomcat process stopped.
[05-04-2026 12:22:08.19] ========== STOP REQUEST ==========
[05-04-2026 12:26:36.96] ========== STOP REQUEST ==========
[05-04-2026 12:27:54.58] Tomcat process stopped.
[05-04-2026 12:42:17.40] ========== STOP REQUEST ==========
[05-04-2026 12:43:31.44] Tomcat process stopped.
[05-04-2026 12:53:52.12] ========== STOP REQUEST ==========
[05-04-2026 12:55:04.44] Tomcat process stopped.
[05-04-2026 14:21:43.22] ========== STOP REQUEST ==========
[05-04-2026 14:22:47.08] Tomcat process stopped.
[05-04-2026 14:42:02.82] ========== STOP REQUEST ==========
[05-04-2026 14:43:20.68] Tomcat process stopped.
[05-04-2026 14:50:14.07] ========== STOP REQUEST ==========
[05-04-2026 14:51:32.07] Tomcat process stopped.
[05-04-2026 15:01:22.42] ========== STOP REQUEST ==========
[05-04-2026 15:02:39.70] Tomcat process stopped.
[05-04-2026 15:22:23.39] ========== STOP REQUEST ==========
[05-04-2026 15:25:21.68] ========== STOP REQUEST ==========
[05-04-2026 15:26:41.41] Tomcat process stopped.
[05-04-2026 15:46:43.55] ========== STOP REQUEST ==========
[05-04-2026 15:47:45.94] Tomcat process stopped.
[05-04-2026 16:02:39.28] ========== STOP REQUEST ==========
SUCCESS: The process with PID 20852 (child process of PID 7124) has been terminated.
SUCCESS: The process with PID 7124 (child process of PID 14508) has been terminated.
[05-04-2026 16:02:39.85] Killed PID 7124 on port 8080
ERROR: The process "7124" not found.
[05-04-2026 16:02:40.19] WARN: Failed to kill PID 7124 on port 8080
[05-04-2026 16:03:33.03] Tomcat process stopped.
[05-04-2026 16:13:38.04] ========== STOP REQUEST ==========
[05-04-2026 16:14:54.46] Tomcat process stopped.
[05-04-2026 16:44:30.77] ========== STOP REQUEST ==========
[05-04-2026 16:45:47.89] Tomcat process stopped.
[05-04-2026 17:27:28.08] ========== STOP REQUEST ==========
[05-04-2026 17:30:33.71] ========== STOP REQUEST ==========
[05-04-2026 17:31:36.50] Tomcat process stopped.
[05-04-2026 17:38:31.86] ========== STOP REQUEST ==========
[05-04-2026 17:39:39.00] Tomcat process stopped.
[05-04-2026 18:37:05.23] ========== STOP REQUEST ==========
SUCCESS: The process with PID 21276 (child process of PID 16692) has been terminated.
SUCCESS: The process with PID 16692 (child process of PID 18784) has been terminated.
[05-04-2026 18:37:06.00] Killed PID 16692 on port 8080
ERROR: The process "16692" not found.
[05-04-2026 18:37:06.26] WARN: Failed to kill PID 16692 on port 8080
[05-04-2026 18:38:09.86] Tomcat process stopped.
