07-Apr-2026 07:37:39.079 INFO [Thread-13] org.apache.catalina.core.ApplicationContext.log SessionListener: contextDestroyed()
07-Apr-2026 07:37:39.079 INFO [Thread-13] org.apache.catalina.core.ApplicationContext.log ContextListener: contextDestroyed()
07-Apr-2026 07:37:41.400 INFO [Thread-13] org.apache.catalina.core.ApplicationContext.log Destroying Spring FrameworkServlet 'dispatcher'
07-Apr-2026 07:37:43.541 INFO [Thread-13] org.apache.catalina.core.ApplicationContext.log Closing Spring root WebApplicationContext
07-Apr-2026 07:40:32.943 INFO [main] org.apache.catalina.core.ApplicationContext.log No Spring WebApplicationInitializer types detected on classpath
07-Apr-2026 07:40:33.100 INFO [main] org.apache.catalina.core.ApplicationContext.log Initializing Spring root WebApplicationContext
07-Apr-2026 07:40:38.182 INFO [main] org.apache.catalina.core.ApplicationContext.log Initializing Spring FrameworkServlet 'dispatcher'
07-Apr-2026 07:40:41.013 INFO [main] org.apache.catalina.core.ApplicationContext.log ContextListener: contextInitialized()
07-Apr-2026 07:40:41.013 INFO [main] org.apache.catalina.core.ApplicationContext.log SessionListener: contextInitialized()
07-Apr-2026 07:40:41.020 INFO [main] org.apache.catalina.core.ApplicationContext.log ContextListener: attributeAdded('StockTicker', 'async.Stockticker@14e54a35')
07-Apr-2026 07:43:00.290 INFO [Thread-13] org.apache.catalina.core.ApplicationContext.log SessionListener: contextDestroyed()
07-Apr-2026 07:43:00.292 INFO [Thread-13] org.apache.catalina.core.ApplicationContext.log ContextListener: contextDestroyed()
07-Apr-2026 07:43:02.614 INFO [Thread-13] org.apache.catalina.core.ApplicationContext.log Destroying Spring FrameworkServlet 'dispatcher'
07-Apr-2026 07:43:05.588 INFO [Thread-13] org.apache.catalina.core.ApplicationContext.log Closing Spring root WebApplicationContext
07-Apr-2026 07:44:04.521 INFO [main] org.apache.catalina.core.ApplicationContext.log No Spring WebApplicationInitializer types detected on classpath
07-Apr-2026 07:44:04.665 INFO [main] org.apache.catalina.core.ApplicationContext.log Initializing Spring root WebApplicationContext
07-Apr-2026 07:44:09.005 INFO [main] org.apache.catalina.core.ApplicationContext.log Initializing Spring FrameworkServlet 'dispatcher'
07-Apr-2026 07:44:11.567 INFO [main] org.apache.catalina.core.ApplicationContext.log ContextListener: contextInitialized()
07-Apr-2026 07:44:11.567 INFO [main] org.apache.catalina.core.ApplicationContext.log SessionListener: contextInitialized()
07-Apr-2026 07:44:11.573 INFO [main] org.apache.catalina.core.ApplicationContext.log ContextListener: attributeAdded('StockTicker', 'async.Stockticker@546ca9da')
07-Apr-2026 07:47:13.825 INFO [main] org.apache.catalina.core.ApplicationContext.log No Spring WebApplicationInitializer types detected on classpath
07-Apr-2026 07:47:13.974 INFO [main] org.apache.catalina.core.ApplicationContext.log Initializing Spring root WebApplicationContext
07-Apr-2026 07:47:18.011 INFO [main] org.apache.catalina.core.ApplicationContext.log Initializing Spring FrameworkServlet 'dispatcher'
07-Apr-2026 07:47:19.737 INFO [main] org.apache.catalina.core.ApplicationContext.log ContextListener: contextInitialized()
07-Apr-2026 07:47:19.738 INFO [main] org.apache.catalina.core.ApplicationContext.log SessionListener: contextInitialized()
07-Apr-2026 07:47:19.741 INFO [main] org.apache.catalina.core.ApplicationContext.log ContextListener: attributeAdded('StockTicker', 'async.Stockticker@189fb01b')
07-Apr-2026 12:22:05.621 INFO [main] org.apache.catalina.core.ApplicationContext.log No Spring WebApplicationInitializer types detected on classpath
07-Apr-2026 12:22:05.764 INFO [main] org.apache.catalina.core.ApplicationContext.log Initializing Spring root WebApplicationContext
07-Apr-2026 12:22:09.994 INFO [main] org.apache.catalina.core.ApplicationContext.log Initializing Spring FrameworkServlet 'dispatcher'
07-Apr-2026 12:22:12.070 INFO [main] org.apache.catalina.core.ApplicationContext.log ContextListener: contextInitialized()
07-Apr-2026 12:22:12.070 INFO [main] org.apache.catalina.core.ApplicationContext.log SessionListener: contextInitialized()
07-Apr-2026 12:22:12.072 INFO [main] org.apache.catalina.core.ApplicationContext.log ContextListener: attributeAdded('StockTicker', 'async.Stockticker@14e54a35')
07-Apr-2026 18:41:45.086 INFO [Thread-13] org.apache.catalina.core.ApplicationContext.log SessionListener: contextDestroyed()
07-Apr-2026 18:41:45.088 INFO [Thread-13] org.apache.catalina.core.ApplicationContext.log ContextListener: contextDestroyed()
07-Apr-2026 18:41:45.094 INFO [Thread-13] org.apache.catalina.core.ApplicationContext.log Destroying Spring FrameworkServlet 'dispatcher'
07-Apr-2026 18:41:45.353 INFO [Thread-13] org.apache.catalina.core.ApplicationContext.log Closing Spring root WebApplicationContext
07-Apr-2026 18:42:28.815 INFO [main] org.apache.catalina.core.ApplicationContext.log No Spring WebApplicationInitializer types detected on classpath
07-Apr-2026 18:42:28.961 INFO [main] org.apache.catalina.core.ApplicationContext.log Initializing Spring root WebApplicationContext
07-Apr-2026 18:42:33.078 INFO [main] org.apache.catalina.core.ApplicationContext.log Initializing Spring FrameworkServlet 'dispatcher'
07-Apr-2026 18:42:35.148 INFO [main] org.apache.catalina.core.ApplicationContext.log ContextListener: contextInitialized()
07-Apr-2026 18:42:35.148 INFO [main] org.apache.catalina.core.ApplicationContext.log SessionListener: contextInitialized()
07-Apr-2026 18:42:35.152 INFO [main] org.apache.catalina.core.ApplicationContext.log ContextListener: attributeAdded('StockTicker', 'async.Stockticker@189fb01b')
07-Apr-2026 19:01:53.721 INFO [main] org.apache.catalina.core.ApplicationContext.log No Spring WebApplicationInitializer types detected on classpath
07-Apr-2026 19:01:53.874 INFO [main] org.apache.catalina.core.ApplicationContext.log Initializing Spring root WebApplicationContext
07-Apr-2026 19:01:58.106 INFO [main] org.apache.catalina.core.ApplicationContext.log Initializing Spring FrameworkServlet 'dispatcher'
07-Apr-2026 19:01:59.793 INFO [main] org.apache.catalina.core.ApplicationContext.log ContextListener: contextInitialized()
07-Apr-2026 19:01:59.793 INFO [main] org.apache.catalina.core.ApplicationContext.log SessionListener: contextInitialized()
07-Apr-2026 19:01:59.796 INFO [main] org.apache.catalina.core.ApplicationContext.log ContextListener: attributeAdded('StockTicker', 'async.Stockticker@189fb01b')
