06-Apr-2026 06:45:27.531 INFO [Thread-13] org.apache.catalina.core.ApplicationContext.log SessionListener: contextDestroyed()
06-Apr-2026 06:45:27.531 INFO [Thread-13] org.apache.catalina.core.ApplicationContext.log ContextListener: contextDestroyed()
06-Apr-2026 06:45:27.539 INFO [Thread-13] org.apache.catalina.core.ApplicationContext.log Destroying Spring FrameworkServlet 'dispatcher'
06-Apr-2026 06:45:27.561 INFO [Thread-13] org.apache.catalina.core.ApplicationContext.log Closing Spring root WebApplicationContext
06-Apr-2026 06:47:02.513 INFO [main] org.apache.catalina.core.ApplicationContext.log No Spring WebApplicationInitializer types detected on classpath
06-Apr-2026 06:47:02.646 INFO [main] org.apache.catalina.core.ApplicationContext.log Initializing Spring root WebApplicationContext
06-Apr-2026 06:47:06.413 INFO [main] org.apache.catalina.core.ApplicationContext.log Initializing Spring FrameworkServlet 'dispatcher'
06-Apr-2026 06:47:08.252 INFO [main] org.apache.catalina.core.ApplicationContext.log ContextListener: contextInitialized()
06-Apr-2026 06:47:08.252 INFO [main] org.apache.catalina.core.ApplicationContext.log SessionListener: contextInitialized()
06-Apr-2026 06:47:08.254 INFO [main] org.apache.catalina.core.ApplicationContext.log ContextListener: attributeAdded('StockTicker', 'async.Stockticker@189fb01b')
06-Apr-2026 07:21:21.564 INFO [Thread-13] org.apache.catalina.core.ApplicationContext.log SessionListener: contextDestroyed()
06-Apr-2026 07:21:21.564 INFO [Thread-13] org.apache.catalina.core.ApplicationContext.log ContextListener: contextDestroyed()
06-Apr-2026 07:21:21.570 INFO [Thread-13] org.apache.catalina.core.ApplicationContext.log Destroying Spring FrameworkServlet 'dispatcher'
06-Apr-2026 07:21:21.600 INFO [Thread-13] org.apache.catalina.core.ApplicationContext.log Closing Spring root WebApplicationContext
06-Apr-2026 07:23:54.370 INFO [main] org.apache.catalina.core.ApplicationContext.log No Spring WebApplicationInitializer types detected on classpath
06-Apr-2026 07:23:54.498 INFO [main] org.apache.catalina.core.ApplicationContext.log Initializing Spring root WebApplicationContext
06-Apr-2026 07:23:58.072 INFO [main] org.apache.catalina.core.ApplicationContext.log Initializing Spring FrameworkServlet 'dispatcher'
06-Apr-2026 07:23:59.574 INFO [main] org.apache.catalina.core.ApplicationContext.log ContextListener: contextInitialized()
06-Apr-2026 07:23:59.574 INFO [main] org.apache.catalina.core.ApplicationContext.log SessionListener: contextInitialized()
06-Apr-2026 07:23:59.578 INFO [main] org.apache.catalina.core.ApplicationContext.log ContextListener: attributeAdded('StockTicker', 'async.Stockticker@189fb01b')
06-Apr-2026 17:25:22.698 INFO [Thread-13] org.apache.catalina.core.ApplicationContext.log SessionListener: contextDestroyed()
06-Apr-2026 17:25:22.698 INFO [Thread-13] org.apache.catalina.core.ApplicationContext.log ContextListener: contextDestroyed()
06-Apr-2026 17:25:22.704 INFO [Thread-13] org.apache.catalina.core.ApplicationContext.log Destroying Spring FrameworkServlet 'dispatcher'
06-Apr-2026 17:25:22.777 INFO [Thread-13] org.apache.catalina.core.ApplicationContext.log Closing Spring root WebApplicationContext
06-Apr-2026 17:27:34.734 INFO [main] org.apache.catalina.core.ApplicationContext.log No Spring WebApplicationInitializer types detected on classpath
06-Apr-2026 17:27:34.885 INFO [main] org.apache.catalina.core.ApplicationContext.log Initializing Spring root WebApplicationContext
06-Apr-2026 17:27:38.727 INFO [main] org.apache.catalina.core.ApplicationContext.log Initializing Spring FrameworkServlet 'dispatcher'
06-Apr-2026 17:27:40.798 INFO [main] org.apache.catalina.core.ApplicationContext.log ContextListener: contextInitialized()
06-Apr-2026 17:27:40.798 INFO [main] org.apache.catalina.core.ApplicationContext.log SessionListener: contextInitialized()
06-Apr-2026 17:27:40.802 INFO [main] org.apache.catalina.core.ApplicationContext.log ContextListener: attributeAdded('StockTicker', 'async.Stockticker@189fb01b')
06-Apr-2026 20:55:31.531 INFO [Thread-13] org.apache.catalina.core.ApplicationContext.log SessionListener: contextDestroyed()
06-Apr-2026 20:55:31.531 INFO [Thread-13] org.apache.catalina.core.ApplicationContext.log ContextListener: contextDestroyed()
06-Apr-2026 20:55:31.539 INFO [Thread-13] org.apache.catalina.core.ApplicationContext.log Destroying Spring FrameworkServlet 'dispatcher'
06-Apr-2026 20:55:31.939 INFO [Thread-13] org.apache.catalina.core.ApplicationContext.log Closing Spring root WebApplicationContext
06-Apr-2026 21:10:40.651 INFO [main] org.apache.catalina.core.ApplicationContext.log No Spring WebApplicationInitializer types detected on classpath
06-Apr-2026 21:10:40.790 INFO [main] org.apache.catalina.core.ApplicationContext.log Initializing Spring root WebApplicationContext
06-Apr-2026 21:14:56.323 INFO [main] org.apache.catalina.core.ApplicationContext.log No Spring WebApplicationInitializer types detected on classpath
06-Apr-2026 21:14:56.460 INFO [main] org.apache.catalina.core.ApplicationContext.log Initializing Spring root WebApplicationContext
06-Apr-2026 21:15:00.235 INFO [main] org.apache.catalina.core.ApplicationContext.log Initializing Spring FrameworkServlet 'dispatcher'
06-Apr-2026 21:15:02.253 INFO [main] org.apache.catalina.core.ApplicationContext.log ContextListener: contextInitialized()
06-Apr-2026 21:15:02.253 INFO [main] org.apache.catalina.core.ApplicationContext.log SessionListener: contextInitialized()
06-Apr-2026 21:15:02.257 INFO [main] org.apache.catalina.core.ApplicationContext.log ContextListener: attributeAdded('StockTicker', 'async.Stockticker@14e54a35')
