03-Apr-2026 19:52:12.981 INFO [main] org.apache.catalina.core.ApplicationContext.log No Spring WebApplicationInitializer types detected on classpath
03-Apr-2026 19:52:13.106 INFO [main] org.apache.catalina.core.ApplicationContext.log Initializing Spring root WebApplicationContext
03-Apr-2026 19:52:15.645 INFO [main] org.apache.catalina.core.ApplicationContext.log Initializing Spring FrameworkServlet 'dispatcher'
03-Apr-2026 19:52:18.082 INFO [main] org.apache.catalina.core.ApplicationContext.log ContextListener: contextInitialized()
03-Apr-2026 19:52:18.082 INFO [main] org.apache.catalina.core.ApplicationContext.log SessionListener: contextInitialized()
03-Apr-2026 19:52:18.085 INFO [main] org.apache.catalina.core.ApplicationContext.log ContextListener: attributeAdded('StockTicker', 'async.Stockticker@7271320c')
03-Apr-2026 20:31:47.332 INFO [main] org.apache.catalina.core.ApplicationContext.log SessionListener: contextDestroyed()
03-Apr-2026 20:31:47.332 INFO [main] org.apache.catalina.core.ApplicationContext.log ContextListener: contextDestroyed()
03-Apr-2026 20:31:47.689 INFO [main] org.apache.catalina.core.ApplicationContext.log Destroying Spring FrameworkServlet 'dispatcher'
03-Apr-2026 20:31:48.591 INFO [main] org.apache.catalina.core.ApplicationContext.log Closing Spring root WebApplicationContext
03-Apr-2026 20:32:19.391 INFO [main] org.apache.catalina.core.ApplicationContext.log No Spring WebApplicationInitializer types detected on classpath
03-Apr-2026 20:32:19.506 INFO [main] org.apache.catalina.core.ApplicationContext.log Initializing Spring root WebApplicationContext
03-Apr-2026 20:32:22.717 INFO [main] org.apache.catalina.core.ApplicationContext.log Initializing Spring FrameworkServlet 'dispatcher'
03-Apr-2026 20:32:24.728 INFO [main] org.apache.catalina.core.ApplicationContext.log ContextListener: contextInitialized()
03-Apr-2026 20:32:24.728 INFO [main] org.apache.catalina.core.ApplicationContext.log SessionListener: contextInitialized()
03-Apr-2026 20:32:24.729 INFO [main] org.apache.catalina.core.ApplicationContext.log ContextListener: attributeAdded('StockTicker', 'async.Stockticker@257e8c43')
03-Apr-2026 20:46:40.194 INFO [main] org.apache.catalina.core.ApplicationContext.log No Spring WebApplicationInitializer types detected on classpath
03-Apr-2026 20:46:40.368 INFO [main] org.apache.catalina.core.ApplicationContext.log Initializing Spring root WebApplicationContext
03-Apr-2026 20:46:43.872 INFO [main] org.apache.catalina.core.ApplicationContext.log Initializing Spring FrameworkServlet 'dispatcher'
03-Apr-2026 20:46:44.972 INFO [main] org.apache.catalina.core.ApplicationContext.log ContextListener: contextInitialized()
03-Apr-2026 20:46:44.972 INFO [main] org.apache.catalina.core.ApplicationContext.log SessionListener: contextInitialized()
03-Apr-2026 20:46:44.974 INFO [main] org.apache.catalina.core.ApplicationContext.log ContextListener: attributeAdded('StockTicker', 'async.Stockticker@5a983f8a')
03-Apr-2026 20:51:46.508 INFO [main] org.apache.catalina.core.ApplicationContext.log No Spring WebApplicationInitializer types detected on classpath
03-Apr-2026 20:51:46.591 INFO [main] org.apache.catalina.core.ApplicationContext.log Initializing Spring root WebApplicationContext
03-Apr-2026 20:51:49.594 INFO [main] org.apache.catalina.core.ApplicationContext.log Initializing Spring FrameworkServlet 'dispatcher'
03-Apr-2026 20:51:50.519 INFO [main] org.apache.catalina.core.ApplicationContext.log ContextListener: contextInitialized()
03-Apr-2026 20:51:50.519 INFO [main] org.apache.catalina.core.ApplicationContext.log SessionListener: contextInitialized()
03-Apr-2026 20:51:50.519 INFO [main] org.apache.catalina.core.ApplicationContext.log ContextListener: attributeAdded('StockTicker', 'async.Stockticker@5d72da0b')
