08-Apr-2026 13:22:02.937 INFO [Thread-13] org.apache.catalina.core.ApplicationContext.log SessionListener: contextDestroyed()
08-Apr-2026 13:22:02.937 INFO [Thread-13] org.apache.catalina.core.ApplicationContext.log ContextListener: contextDestroyed()
08-Apr-2026 13:22:02.945 INFO [Thread-13] org.apache.catalina.core.ApplicationContext.log Destroying Spring FrameworkServlet 'dispatcher'
08-Apr-2026 13:22:03.215 INFO [Thread-13] org.apache.catalina.core.ApplicationContext.log Closing Spring root WebApplicationContext
08-Apr-2026 13:25:00.933 INFO [main] org.apache.catalina.core.ApplicationContext.log No Spring WebApplicationInitializer types detected on classpath
08-Apr-2026 13:25:01.070 INFO [main] org.apache.catalina.core.ApplicationContext.log Initializing Spring root WebApplicationContext
08-Apr-2026 13:25:04.955 INFO [main] org.apache.catalina.core.ApplicationContext.log Initializing Spring FrameworkServlet 'dispatcher'
08-Apr-2026 13:25:06.734 INFO [main] org.apache.catalina.core.ApplicationContext.log ContextListener: contextInitialized()
08-Apr-2026 13:25:06.734 INFO [main] org.apache.catalina.core.ApplicationContext.log SessionListener: contextInitialized()
08-Apr-2026 13:25:06.737 INFO [main] org.apache.catalina.core.ApplicationContext.log ContextListener: attributeAdded('StockTicker', 'async.Stockticker@189fb01b')
08-Apr-2026 18:54:20.913 INFO [Thread-13] org.apache.catalina.core.ApplicationContext.log SessionListener: contextDestroyed()
08-Apr-2026 18:54:20.913 INFO [Thread-13] org.apache.catalina.core.ApplicationContext.log ContextListener: contextDestroyed()
08-Apr-2026 18:54:20.921 INFO [Thread-13] org.apache.catalina.core.ApplicationContext.log Destroying Spring FrameworkServlet 'dispatcher'
08-Apr-2026 18:54:21.173 INFO [Thread-13] org.apache.catalina.core.ApplicationContext.log Closing Spring root WebApplicationContext
08-Apr-2026 19:00:36.199 INFO [main] org.apache.catalina.core.ApplicationContext.log No Spring WebApplicationInitializer types detected on classpath
08-Apr-2026 19:00:36.343 INFO [main] org.apache.catalina.core.ApplicationContext.log Initializing Spring root WebApplicationContext
08-Apr-2026 19:00:40.555 INFO [main] org.apache.catalina.core.ApplicationContext.log Initializing Spring FrameworkServlet 'dispatcher'
08-Apr-2026 19:00:42.454 INFO [main] org.apache.catalina.core.ApplicationContext.log ContextListener: contextInitialized()
08-Apr-2026 19:00:42.454 INFO [main] org.apache.catalina.core.ApplicationContext.log SessionListener: contextInitialized()
08-Apr-2026 19:00:42.458 INFO [main] org.apache.catalina.core.ApplicationContext.log ContextListener: attributeAdded('StockTicker', 'async.Stockticker@189fb01b')
08-Apr-2026 19:17:37.112 INFO [Thread-13] org.apache.catalina.core.ApplicationContext.log SessionListener: contextDestroyed()
08-Apr-2026 19:17:37.112 INFO [Thread-13] org.apache.catalina.core.ApplicationContext.log ContextListener: contextDestroyed()
08-Apr-2026 19:17:37.119 INFO [Thread-13] org.apache.catalina.core.ApplicationContext.log Destroying Spring FrameworkServlet 'dispatcher'
08-Apr-2026 19:17:37.198 INFO [Thread-13] org.apache.catalina.core.ApplicationContext.log Closing Spring root WebApplicationContext
08-Apr-2026 19:21:40.656 INFO [main] org.apache.catalina.core.ApplicationContext.log No Spring WebApplicationInitializer types detected on classpath
08-Apr-2026 19:21:40.810 INFO [main] org.apache.catalina.core.ApplicationContext.log Initializing Spring root WebApplicationContext
08-Apr-2026 19:21:45.024 INFO [main] org.apache.catalina.core.ApplicationContext.log Initializing Spring FrameworkServlet 'dispatcher'
08-Apr-2026 19:21:46.754 INFO [main] org.apache.catalina.core.ApplicationContext.log ContextListener: contextInitialized()
08-Apr-2026 19:21:46.754 INFO [main] org.apache.catalina.core.ApplicationContext.log SessionListener: contextInitialized()
08-Apr-2026 19:21:46.758 INFO [main] org.apache.catalina.core.ApplicationContext.log ContextListener: attributeAdded('StockTicker', 'async.Stockticker@189fb01b')
08-Apr-2026 21:26:04.189 INFO [main] org.apache.catalina.core.ApplicationContext.log No Spring WebApplicationInitializer types detected on classpath
08-Apr-2026 21:26:04.331 INFO [main] org.apache.catalina.core.ApplicationContext.log Initializing Spring root WebApplicationContext
08-Apr-2026 21:26:08.227 INFO [main] org.apache.catalina.core.ApplicationContext.log Initializing Spring FrameworkServlet 'dispatcher'
08-Apr-2026 21:26:10.077 INFO [main] org.apache.catalina.core.ApplicationContext.log ContextListener: contextInitialized()
08-Apr-2026 21:26:10.077 INFO [main] org.apache.catalina.core.ApplicationContext.log SessionListener: contextInitialized()
08-Apr-2026 21:26:10.082 INFO [main] org.apache.catalina.core.ApplicationContext.log ContextListener: attributeAdded('StockTicker', 'async.Stockticker@189fb01b')
08-Apr-2026 21:29:10.917 INFO [Thread-13] org.apache.catalina.core.ApplicationContext.log SessionListener: contextDestroyed()
08-Apr-2026 21:29:10.917 INFO [Thread-13] org.apache.catalina.core.ApplicationContext.log ContextListener: contextDestroyed()
08-Apr-2026 21:29:10.925 INFO [Thread-13] org.apache.catalina.core.ApplicationContext.log Destroying Spring FrameworkServlet 'dispatcher'
08-Apr-2026 21:29:10.993 INFO [Thread-13] org.apache.catalina.core.ApplicationContext.log Closing Spring root WebApplicationContext
08-Apr-2026 21:45:43.441 INFO [main] org.apache.catalina.core.ApplicationContext.log No Spring WebApplicationInitializer types detected on classpath
08-Apr-2026 21:45:43.631 INFO [main] org.apache.catalina.core.ApplicationContext.log Initializing Spring root WebApplicationContext
08-Apr-2026 21:48:59.609 INFO [main] org.apache.catalina.core.ApplicationContext.log No Spring WebApplicationInitializer types detected on classpath
08-Apr-2026 21:48:59.742 INFO [main] org.apache.catalina.core.ApplicationContext.log Initializing Spring root WebApplicationContext
08-Apr-2026 21:49:03.898 INFO [main] org.apache.catalina.core.ApplicationContext.log Initializing Spring FrameworkServlet 'dispatcher'
08-Apr-2026 21:49:05.784 INFO [main] org.apache.catalina.core.ApplicationContext.log ContextListener: contextInitialized()
08-Apr-2026 21:49:05.784 INFO [main] org.apache.catalina.core.ApplicationContext.log SessionListener: contextInitialized()
08-Apr-2026 21:49:05.786 INFO [main] org.apache.catalina.core.ApplicationContext.log ContextListener: attributeAdded('StockTicker', 'async.Stockticker@62b2bc2e')
08-Apr-2026 21:53:51.846 INFO [Thread-13] org.apache.catalina.core.ApplicationContext.log SessionListener: contextDestroyed()
08-Apr-2026 21:53:51.846 INFO [Thread-13] org.apache.catalina.core.ApplicationContext.log ContextListener: contextDestroyed()
08-Apr-2026 21:53:51.854 INFO [Thread-13] org.apache.catalina.core.ApplicationContext.log Destroying Spring FrameworkServlet 'dispatcher'
08-Apr-2026 21:53:51.917 INFO [Thread-13] org.apache.catalina.core.ApplicationContext.log Closing Spring root WebApplicationContext
08-Apr-2026 21:55:34.547 INFO [main] org.apache.catalina.core.ApplicationContext.log No Spring WebApplicationInitializer types detected on classpath
08-Apr-2026 21:55:34.700 INFO [main] org.apache.catalina.core.ApplicationContext.log Initializing Spring root WebApplicationContext
08-Apr-2026 21:55:38.804 INFO [main] org.apache.catalina.core.ApplicationContext.log Initializing Spring FrameworkServlet 'dispatcher'
08-Apr-2026 22:08:43.265 INFO [main] org.apache.catalina.core.ApplicationContext.log No Spring WebApplicationInitializer types detected on classpath
08-Apr-2026 22:08:43.409 INFO [main] org.apache.catalina.core.ApplicationContext.log Initializing Spring root WebApplicationContext
08-Apr-2026 22:08:47.330 INFO [main] org.apache.catalina.core.ApplicationContext.log Initializing Spring FrameworkServlet 'dispatcher'
08-Apr-2026 22:08:49.380 INFO [main] org.apache.catalina.core.ApplicationContext.log ContextListener: contextInitialized()
08-Apr-2026 22:08:49.380 INFO [main] org.apache.catalina.core.ApplicationContext.log SessionListener: contextInitialized()
08-Apr-2026 22:08:49.384 INFO [main] org.apache.catalina.core.ApplicationContext.log ContextListener: attributeAdded('StockTicker', 'async.Stockticker@5cdafb4d')
08-Apr-2026 22:15:58.528 INFO [main] org.apache.catalina.core.ApplicationContext.log No Spring WebApplicationInitializer types detected on classpath
08-Apr-2026 22:15:58.703 INFO [main] org.apache.catalina.core.ApplicationContext.log Initializing Spring root WebApplicationContext
08-Apr-2026 22:16:02.861 INFO [main] org.apache.catalina.core.ApplicationContext.log Initializing Spring FrameworkServlet 'dispatcher'
08-Apr-2026 22:16:04.594 INFO [main] org.apache.catalina.core.ApplicationContext.log ContextListener: contextInitialized()
08-Apr-2026 22:16:04.594 INFO [main] org.apache.catalina.core.ApplicationContext.log SessionListener: contextInitialized()
08-Apr-2026 22:16:04.597 INFO [main] org.apache.catalina.core.ApplicationContext.log ContextListener: attributeAdded('StockTicker', 'async.Stockticker@62b2bc2e')
08-Apr-2026 22:16:18.899 INFO [Thread-13] org.apache.catalina.core.ApplicationContext.log SessionListener: contextDestroyed()
08-Apr-2026 22:16:18.899 INFO [Thread-13] org.apache.catalina.core.ApplicationContext.log ContextListener: contextDestroyed()
08-Apr-2026 22:16:18.907 INFO [Thread-13] org.apache.catalina.core.ApplicationContext.log Destroying Spring FrameworkServlet 'dispatcher'
08-Apr-2026 22:16:18.968 INFO [Thread-13] org.apache.catalina.core.ApplicationContext.log Closing Spring root WebApplicationContext
08-Apr-2026 22:19:06.470 INFO [main] org.apache.catalina.core.ApplicationContext.log No Spring WebApplicationInitializer types detected on classpath
08-Apr-2026 22:19:06.592 INFO [main] org.apache.catalina.core.ApplicationContext.log Initializing Spring root WebApplicationContext
08-Apr-2026 22:19:10.229 INFO [main] org.apache.catalina.core.ApplicationContext.log Initializing Spring FrameworkServlet 'dispatcher'
08-Apr-2026 22:19:11.735 INFO [main] org.apache.catalina.core.ApplicationContext.log ContextListener: contextInitialized()
08-Apr-2026 22:19:11.735 INFO [main] org.apache.catalina.core.ApplicationContext.log SessionListener: contextInitialized()
08-Apr-2026 22:19:11.737 INFO [main] org.apache.catalina.core.ApplicationContext.log ContextListener: attributeAdded('StockTicker', 'async.Stockticker@62b2bc2e')
08-Apr-2026 22:23:33.365 INFO [Thread-13] org.apache.catalina.core.ApplicationContext.log SessionListener: contextDestroyed()
08-Apr-2026 22:23:33.365 INFO [Thread-13] org.apache.catalina.core.ApplicationContext.log ContextListener: contextDestroyed()
08-Apr-2026 22:23:33.371 INFO [Thread-13] org.apache.catalina.core.ApplicationContext.log Destroying Spring FrameworkServlet 'dispatcher'
08-Apr-2026 22:23:33.621 INFO [Thread-13] org.apache.catalina.core.ApplicationContext.log Closing Spring root WebApplicationContext
08-Apr-2026 22:37:52.921 INFO [main] org.apache.catalina.core.ApplicationContext.log No Spring WebApplicationInitializer types detected on classpath
08-Apr-2026 22:37:53.105 INFO [main] org.apache.catalina.core.ApplicationContext.log Initializing Spring root WebApplicationContext
08-Apr-2026 22:37:58.494 INFO [main] org.apache.catalina.core.ApplicationContext.log Initializing Spring FrameworkServlet 'dispatcher'
08-Apr-2026 22:38:01.135 INFO [main] org.apache.catalina.core.ApplicationContext.log ContextListener: contextInitialized()
08-Apr-2026 22:38:01.135 INFO [main] org.apache.catalina.core.ApplicationContext.log SessionListener: contextInitialized()
08-Apr-2026 22:38:01.139 INFO [main] org.apache.catalina.core.ApplicationContext.log ContextListener: attributeAdded('StockTicker', 'async.Stockticker@6b3284')
08-Apr-2026 22:39:21.707 INFO [Thread-13] org.apache.catalina.core.ApplicationContext.log SessionListener: contextDestroyed()
08-Apr-2026 22:39:21.707 INFO [Thread-13] org.apache.catalina.core.ApplicationContext.log ContextListener: contextDestroyed()
08-Apr-2026 22:39:21.717 INFO [Thread-13] org.apache.catalina.core.ApplicationContext.log Destroying Spring FrameworkServlet 'dispatcher'
08-Apr-2026 22:39:21.772 INFO [Thread-13] org.apache.catalina.core.ApplicationContext.log Closing Spring root WebApplicationContext
08-Apr-2026 22:42:12.963 INFO [main] org.apache.catalina.core.ApplicationContext.log No Spring WebApplicationInitializer types detected on classpath
08-Apr-2026 22:42:13.089 INFO [main] org.apache.catalina.core.ApplicationContext.log Initializing Spring root WebApplicationContext
08-Apr-2026 22:42:17.061 INFO [main] org.apache.catalina.core.ApplicationContext.log Initializing Spring FrameworkServlet 'dispatcher'
08-Apr-2026 22:42:18.988 INFO [main] org.apache.catalina.core.ApplicationContext.log ContextListener: contextInitialized()
08-Apr-2026 22:42:18.988 INFO [main] org.apache.catalina.core.ApplicationContext.log SessionListener: contextInitialized()
08-Apr-2026 22:42:18.992 INFO [main] org.apache.catalina.core.ApplicationContext.log ContextListener: attributeAdded('StockTicker', 'async.Stockticker@439047ef')
08-Apr-2026 22:50:33.616 INFO [Thread-13] org.apache.catalina.core.ApplicationContext.log SessionListener: contextDestroyed()
08-Apr-2026 22:50:33.616 INFO [Thread-13] org.apache.catalina.core.ApplicationContext.log ContextListener: contextDestroyed()
08-Apr-2026 22:50:33.622 INFO [Thread-13] org.apache.catalina.core.ApplicationContext.log Destroying Spring FrameworkServlet 'dispatcher'
08-Apr-2026 22:50:33.918 INFO [Thread-13] org.apache.catalina.core.ApplicationContext.log Closing Spring root WebApplicationContext
08-Apr-2026 22:54:25.352 INFO [main] org.apache.catalina.core.ApplicationContext.log No Spring WebApplicationInitializer types detected on classpath
08-Apr-2026 22:54:25.483 INFO [main] org.apache.catalina.core.ApplicationContext.log Initializing Spring root WebApplicationContext
08-Apr-2026 22:54:29.501 INFO [main] org.apache.catalina.core.ApplicationContext.log Initializing Spring FrameworkServlet 'dispatcher'
08-Apr-2026 22:54:31.166 INFO [main] org.apache.catalina.core.ApplicationContext.log ContextListener: contextInitialized()
08-Apr-2026 22:54:31.166 INFO [main] org.apache.catalina.core.ApplicationContext.log SessionListener: contextInitialized()
08-Apr-2026 22:54:31.170 INFO [main] org.apache.catalina.core.ApplicationContext.log ContextListener: attributeAdded('StockTicker', 'async.Stockticker@62b2bc2e')
