08-Apr-2026 21:56:43.021 INFO [main] org.apache.catalina.startup.VersionLoggerListener.log Server version name:   Apache Tomcat/9.0.115
08-Apr-2026 21:56:43.027 INFO [main] org.apache.catalina.startup.VersionLoggerListener.log Server built:          Jan 21 2026 08:17:26 UTC
08-Apr-2026 21:56:43.027 INFO [main] org.apache.catalina.startup.VersionLoggerListener.log Server version number: 9.0.115.0
08-Apr-2026 21:56:43.027 INFO [main] org.apache.catalina.startup.VersionLoggerListener.log OS Name:               Windows 10
08-Apr-2026 21:56:43.027 INFO [main] org.apache.catalina.startup.VersionLoggerListener.log OS Version:            10.0
08-Apr-2026 21:56:43.027 INFO [main] org.apache.catalina.startup.VersionLoggerListener.log Architecture:          amd64
08-Apr-2026 21:56:43.027 INFO [main] org.apache.catalina.startup.VersionLoggerListener.log Java Home:             D:\housys\newwork\JAVA_2512\JAVA_2512\dist\client\FingerprintClient_IDSL_DEVICEFIX\app\jre
08-Apr-2026 21:56:43.027 INFO [main] org.apache.catalina.startup.VersionLoggerListener.log JVM Version:           1.8.0_202-b08
08-Apr-2026 21:56:43.027 INFO [main] org.apache.catalina.startup.VersionLoggerListener.log JVM Vendor:            Oracle Corporation
08-Apr-2026 21:56:43.027 INFO [main] org.apache.catalina.startup.VersionLoggerListener.log CATALINA_BASE:         D:\housys\newwork\JAVA_2512\JAVA_2512\dist\client\FingerprintClient_IDSL_DEVICEFIX\app\tomcat
08-Apr-2026 21:56:43.027 INFO [main] org.apache.catalina.startup.VersionLoggerListener.log CATALINA_HOME:         D:\housys\newwork\JAVA_2512\JAVA_2512\dist\client\FingerprintClient_IDSL_DEVICEFIX\app\tomcat
08-Apr-2026 21:56:43.071 INFO [main] org.apache.catalina.startup.VersionLoggerListener.log Command line argument: -Djava.util.logging.config.file=D:\housys\newwork\JAVA_2512\JAVA_2512\dist\client\FingerprintClient_IDSL_DEVICEFIX\app\tomcat\conf\logging.properties
08-Apr-2026 21:56:43.071 INFO [main] org.apache.catalina.startup.VersionLoggerListener.log Command line argument: -Djava.util.logging.manager=org.apache.juli.ClassLoaderLogManager
08-Apr-2026 21:56:43.071 INFO [main] org.apache.catalina.startup.VersionLoggerListener.log Command line argument: -Djava.library.path=D:\housys\newwork\JAVA_2512\JAVA_2512\dist\client\FingerprintClient_IDSL_DEVICEFIX\app\tomcat\bin
08-Apr-2026 21:56:43.071 INFO [main] org.apache.catalina.startup.VersionLoggerListener.log Command line argument: -Dsqlserver.auth.dll.path=D:\housys\newwork\JAVA_2512\JAVA_2512\dist\client\FingerprintClient_IDSL_DEVICEFIX\app\tomcat\bin\mssql-jdbc_auth-13.2.1.x64.dll
08-Apr-2026 21:56:43.071 INFO [main] org.apache.catalina.startup.VersionLoggerListener.log Command line argument: -Djdk.tls.ephemeralDHKeySize=2048
08-Apr-2026 21:56:43.071 INFO [main] org.apache.catalina.startup.VersionLoggerListener.log Command line argument: -Djava.protocol.handler.pkgs=org.apache.catalina.webresources
08-Apr-2026 21:56:43.071 INFO [main] org.apache.catalina.startup.VersionLoggerListener.log Command line argument: -Dsun.io.useCanonCaches=false
08-Apr-2026 21:56:43.073 INFO [main] org.apache.catalina.startup.VersionLoggerListener.log Command line argument: -Dignore.endorsed.dirs=
08-Apr-2026 21:56:43.073 INFO [main] org.apache.catalina.startup.VersionLoggerListener.log Command line argument: -Dcatalina.base=D:\housys\newwork\JAVA_2512\JAVA_2512\dist\client\FingerprintClient_IDSL_DEVICEFIX\app\tomcat
08-Apr-2026 21:56:43.073 INFO [main] org.apache.catalina.startup.VersionLoggerListener.log Command line argument: -Dcatalina.home=D:\housys\newwork\JAVA_2512\JAVA_2512\dist\client\FingerprintClient_IDSL_DEVICEFIX\app\tomcat
08-Apr-2026 21:56:43.073 INFO [main] org.apache.catalina.startup.VersionLoggerListener.log Command line argument: -Djava.io.tmpdir=D:\housys\newwork\JAVA_2512\JAVA_2512\dist\client\FingerprintClient_IDSL_DEVICEFIX\app\tomcat\temp
08-Apr-2026 21:56:43.120 INFO [main] org.apache.catalina.core.AprLifecycleListener.lifecycleEvent Loaded Apache Tomcat Native library [1.3.5] using APR version [1.7.6].
08-Apr-2026 21:56:43.121 INFO [main] org.apache.catalina.core.AprLifecycleListener.lifecycleEvent APR capabilities: IPv6 [true], sendfile [true], accept filters [false], random [true], UDS [true].
08-Apr-2026 21:56:43.121 INFO [main] org.apache.catalina.core.AprLifecycleListener.lifecycleEvent APR/OpenSSL configuration: useAprConnector [false], useOpenSSL [true]
08-Apr-2026 21:56:43.135 INFO [main] org.apache.catalina.core.AprLifecycleListener.initializeSSL OpenSSL successfully initialized [OpenSSL 3.0.18 30 Sep 2025]
08-Apr-2026 21:56:43.575 INFO [main] org.apache.coyote.AbstractProtocol.init Initializing ProtocolHandler ["http-nio-8080"]
08-Apr-2026 21:56:43.598 INFO [main] org.apache.catalina.startup.Catalina.load Server initialization in [810] milliseconds
08-Apr-2026 21:56:44.719 INFO [main] org.apache.catalina.startup.VersionLoggerListener.log Server version name:   Apache Tomcat/9.0.115
08-Apr-2026 21:56:44.724 INFO [main] org.apache.catalina.startup.VersionLoggerListener.log Server built:          Jan 21 2026 08:17:26 UTC
08-Apr-2026 21:56:44.724 INFO [main] org.apache.catalina.startup.VersionLoggerListener.log Server version number: 9.0.115.0
08-Apr-2026 21:56:44.724 INFO [main] org.apache.catalina.startup.VersionLoggerListener.log OS Name:               Windows 10
08-Apr-2026 21:56:44.724 INFO [main] org.apache.catalina.startup.VersionLoggerListener.log OS Version:            10.0
08-Apr-2026 21:56:44.724 INFO [main] org.apache.catalina.startup.VersionLoggerListener.log Architecture:          amd64
08-Apr-2026 21:56:44.724 INFO [main] org.apache.catalina.startup.VersionLoggerListener.log Java Home:             D:\housys\newwork\JAVA_2512\JAVA_2512\dist\client\FingerprintClient_IDSL_DEVICEFIX\app\jre
08-Apr-2026 21:56:44.724 INFO [main] org.apache.catalina.startup.VersionLoggerListener.log JVM Version:           1.8.0_202-b08
08-Apr-2026 21:56:44.724 INFO [main] org.apache.catalina.startup.VersionLoggerListener.log JVM Vendor:            Oracle Corporation
08-Apr-2026 21:56:44.724 INFO [main] org.apache.catalina.startup.VersionLoggerListener.log CATALINA_BASE:         D:\housys\newwork\JAVA_2512\JAVA_2512\dist\client\FingerprintClient_IDSL_DEVICEFIX\app\tomcat
08-Apr-2026 21:56:44.724 INFO [main] org.apache.catalina.startup.VersionLoggerListener.log CATALINA_HOME:         D:\housys\newwork\JAVA_2512\JAVA_2512\dist\client\FingerprintClient_IDSL_DEVICEFIX\app\tomcat
08-Apr-2026 21:56:44.729 INFO [main] org.apache.catalina.startup.VersionLoggerListener.log Command line argument: -Djava.util.logging.config.file=D:\housys\newwork\JAVA_2512\JAVA_2512\dist\client\FingerprintClient_IDSL_DEVICEFIX\app\tomcat\conf\logging.properties
08-Apr-2026 21:56:44.729 INFO [main] org.apache.catalina.startup.VersionLoggerListener.log Command line argument: -Djava.util.logging.manager=org.apache.juli.ClassLoaderLogManager
08-Apr-2026 21:56:44.729 INFO [main] org.apache.catalina.startup.VersionLoggerListener.log Command line argument: -Djava.library.path=D:\housys\newwork\JAVA_2512\JAVA_2512\dist\client\FingerprintClient_IDSL_DEVICEFIX\app\tomcat\bin
08-Apr-2026 21:56:44.729 INFO [main] org.apache.catalina.startup.VersionLoggerListener.log Command line argument: -Dsqlserver.auth.dll.path=D:\housys\newwork\JAVA_2512\JAVA_2512\dist\client\FingerprintClient_IDSL_DEVICEFIX\app\tomcat\bin\mssql-jdbc_auth-13.2.1.x64.dll
08-Apr-2026 21:56:44.731 INFO [main] org.apache.catalina.startup.VersionLoggerListener.log Command line argument: -Djdk.tls.ephemeralDHKeySize=2048
08-Apr-2026 21:56:44.731 INFO [main] org.apache.catalina.startup.VersionLoggerListener.log Command line argument: -Djava.protocol.handler.pkgs=org.apache.catalina.webresources
08-Apr-2026 21:56:44.731 INFO [main] org.apache.catalina.startup.VersionLoggerListener.log Command line argument: -Dsun.io.useCanonCaches=false
08-Apr-2026 21:56:44.731 INFO [main] org.apache.catalina.startup.VersionLoggerListener.log Command line argument: -Djava.library.path=D:\housys\newwork\JAVA_2512\JAVA_2512\dist\client\FingerprintClient_IDSL_DEVICEFIX\app\tomcat\bin
08-Apr-2026 21:56:44.731 INFO [main] org.apache.catalina.startup.VersionLoggerListener.log Command line argument: -Dsqlserver.auth.dll.path=D:\housys\newwork\JAVA_2512\JAVA_2512\dist\client\FingerprintClient_IDSL_DEVICEFIX\app\tomcat\bin\mssql-jdbc_auth-13.2.1.x64.dll
08-Apr-2026 21:56:44.731 INFO [main] org.apache.catalina.startup.VersionLoggerListener.log Command line argument: -Dignore.endorsed.dirs=
08-Apr-2026 21:56:44.731 INFO [main] org.apache.catalina.startup.VersionLoggerListener.log Command line argument: -Dcatalina.base=D:\housys\newwork\JAVA_2512\JAVA_2512\dist\client\FingerprintClient_IDSL_DEVICEFIX\app\tomcat
08-Apr-2026 21:56:44.731 INFO [main] org.apache.catalina.startup.VersionLoggerListener.log Command line argument: -Dcatalina.home=D:\housys\newwork\JAVA_2512\JAVA_2512\dist\client\FingerprintClient_IDSL_DEVICEFIX\app\tomcat
08-Apr-2026 21:56:44.731 INFO [main] org.apache.catalina.startup.VersionLoggerListener.log Command line argument: -Djava.io.tmpdir=D:\housys\newwork\JAVA_2512\JAVA_2512\dist\client\FingerprintClient_IDSL_DEVICEFIX\app\tomcat\temp
08-Apr-2026 21:56:44.742 INFO [main] org.apache.catalina.core.AprLifecycleListener.lifecycleEvent Loaded Apache Tomcat Native library [1.3.5] using APR version [1.7.6].
08-Apr-2026 21:56:44.742 INFO [main] org.apache.catalina.core.AprLifecycleListener.lifecycleEvent APR capabilities: IPv6 [true], sendfile [true], accept filters [false], random [true], UDS [true].
08-Apr-2026 21:56:44.742 INFO [main] org.apache.catalina.core.AprLifecycleListener.lifecycleEvent APR/OpenSSL configuration: useAprConnector [false], useOpenSSL [true]
08-Apr-2026 21:56:44.757 INFO [main] org.apache.catalina.core.AprLifecycleListener.initializeSSL OpenSSL successfully initialized [OpenSSL 3.0.18 30 Sep 2025]
08-Apr-2026 21:56:45.102 INFO [main] org.apache.coyote.AbstractProtocol.init Initializing ProtocolHandler ["http-nio-8080"]
08-Apr-2026 21:56:45.124 INFO [main] org.apache.catalina.startup.Catalina.load Server initialization in [617] milliseconds
08-Apr-2026 21:56:45.153 INFO [main] org.apache.catalina.core.StandardService.startInternal Starting service [Catalina]
08-Apr-2026 21:56:45.153 INFO [main] org.apache.catalina.core.StandardEngine.startInternal Starting Servlet engine: [Apache Tomcat/9.0.115]
08-Apr-2026 21:56:45.173 INFO [main] org.apache.catalina.startup.HostConfig.deployWAR Deploying web application archive [D:\housys\newwork\JAVA_2512\JAVA_2512\dist\client\FingerprintClient_IDSL_DEVICEFIX\app\tomcat\webapps\demo.war]
08-Apr-2026 21:56:48.869 INFO [main] org.apache.jasper.servlet.TldScanner.scanJars At least one JAR was scanned for TLDs yet contained no TLDs. Enable debug logging for this logger for a complete list of JARs that were scanned but no TLDs were found in them. Skipping unneeded JARs during scanning can improve startup time and JSP compilation time.
08-Apr-2026 21:56:55.365 INFO [main] org.apache.catalina.startup.HostConfig.deployWAR Deployment of web application archive [D:\housys\newwork\JAVA_2512\JAVA_2512\dist\client\FingerprintClient_IDSL_DEVICEFIX\app\tomcat\webapps\demo.war] has finished in [10,187] ms
08-Apr-2026 21:56:55.366 INFO [main] org.apache.catalina.startup.HostConfig.deployDirectory Deploying web application directory [D:\housys\newwork\JAVA_2512\JAVA_2512\dist\client\FingerprintClient_IDSL_DEVICEFIX\app\tomcat\webapps\docs]
08-Apr-2026 21:56:55.420 INFO [main] org.apache.catalina.startup.HostConfig.deployDirectory Deployment of web application directory [D:\housys\newwork\JAVA_2512\JAVA_2512\dist\client\FingerprintClient_IDSL_DEVICEFIX\app\tomcat\webapps\docs] has finished in [54] ms
08-Apr-2026 21:56:55.422 INFO [main] org.apache.catalina.startup.HostConfig.deployDirectory Deploying web application directory [D:\housys\newwork\JAVA_2512\JAVA_2512\dist\client\FingerprintClient_IDSL_DEVICEFIX\app\tomcat\webapps\examples]
08-Apr-2026 21:56:56.111 INFO [main] org.apache.catalina.startup.HostConfig.deployDirectory Deployment of web application directory [D:\housys\newwork\JAVA_2512\JAVA_2512\dist\client\FingerprintClient_IDSL_DEVICEFIX\app\tomcat\webapps\examples] has finished in [691] ms
08-Apr-2026 21:56:56.112 INFO [main] org.apache.catalina.startup.HostConfig.deployDirectory Deploying web application directory [D:\housys\newwork\JAVA_2512\JAVA_2512\dist\client\FingerprintClient_IDSL_DEVICEFIX\app\tomcat\webapps\host-manager]
08-Apr-2026 21:56:56.180 INFO [main] org.apache.catalina.startup.HostConfig.deployDirectory Deployment of web application directory [D:\housys\newwork\JAVA_2512\JAVA_2512\dist\client\FingerprintClient_IDSL_DEVICEFIX\app\tomcat\webapps\host-manager] has finished in [68] ms
08-Apr-2026 21:56:56.180 INFO [main] org.apache.catalina.startup.HostConfig.deployDirectory Deploying web application directory [D:\housys\newwork\JAVA_2512\JAVA_2512\dist\client\FingerprintClient_IDSL_DEVICEFIX\app\tomcat\webapps\manager]
08-Apr-2026 21:56:56.238 INFO [main] org.apache.catalina.startup.HostConfig.deployDirectory Deployment of web application directory [D:\housys\newwork\JAVA_2512\JAVA_2512\dist\client\FingerprintClient_IDSL_DEVICEFIX\app\tomcat\webapps\manager] has finished in [58] ms
08-Apr-2026 21:56:56.238 INFO [main] org.apache.catalina.startup.HostConfig.deployDirectory Deploying web application directory [D:\housys\newwork\JAVA_2512\JAVA_2512\dist\client\FingerprintClient_IDSL_DEVICEFIX\app\tomcat\webapps\ROOT]
08-Apr-2026 21:56:56.273 INFO [main] org.apache.catalina.startup.HostConfig.deployDirectory Deployment of web application directory [D:\housys\newwork\JAVA_2512\JAVA_2512\dist\client\FingerprintClient_IDSL_DEVICEFIX\app\tomcat\webapps\ROOT] has finished in [35] ms
08-Apr-2026 21:56:56.279 INFO [main] org.apache.coyote.AbstractProtocol.start Starting ProtocolHandler ["http-nio-8080"]
08-Apr-2026 21:56:56.293 INFO [main] org.apache.catalina.startup.Catalina.start Server startup in [11168] milliseconds
