30-Jun-2026 12:13:07.846 INFO [main] org.apache.catalina.startup.VersionLoggerListener.log Server version name:   Apache Tomcat/9.0.115
30-Jun-2026 12:13:07.907 INFO [main] org.apache.catalina.startup.VersionLoggerListener.log Server built:          Jan 21 2026 08:17:26 UTC
30-Jun-2026 12:13:07.907 INFO [main] org.apache.catalina.startup.VersionLoggerListener.log Server version number: 9.0.115.0
30-Jun-2026 12:13:07.908 INFO [main] org.apache.catalina.startup.VersionLoggerListener.log OS Name:               Windows 10
30-Jun-2026 12:13:07.908 INFO [main] org.apache.catalina.startup.VersionLoggerListener.log OS Version:            10.0
30-Jun-2026 12:13:07.908 INFO [main] org.apache.catalina.startup.VersionLoggerListener.log Architecture:          amd64
30-Jun-2026 12:13:07.908 INFO [main] org.apache.catalina.startup.VersionLoggerListener.log Java Home:             D:\patratu_fina_project\newwork\newwork\JAVA_2512\JAVA_2512\dist\client\FingerprintClient_IDSL_DEVICEFIX\app\jre
30-Jun-2026 12:13:07.908 INFO [main] org.apache.catalina.startup.VersionLoggerListener.log JVM Version:           1.8.0_202-b08
30-Jun-2026 12:13:07.908 INFO [main] org.apache.catalina.startup.VersionLoggerListener.log JVM Vendor:            Oracle Corporation
30-Jun-2026 12:13:07.908 INFO [main] org.apache.catalina.startup.VersionLoggerListener.log CATALINA_BASE:         D:\patratu_fina_project\newwork\newwork\JAVA_2512\JAVA_2512\dist\client\FingerprintClient_IDSL_DEVICEFIX\app\tomcat
30-Jun-2026 12:13:07.908 INFO [main] org.apache.catalina.startup.VersionLoggerListener.log CATALINA_HOME:         D:\patratu_fina_project\newwork\newwork\JAVA_2512\JAVA_2512\dist\client\FingerprintClient_IDSL_DEVICEFIX\app\tomcat
30-Jun-2026 12:13:08.031 INFO [main] org.apache.catalina.startup.VersionLoggerListener.log Command line argument: -Djava.util.logging.config.file=D:\patratu_fina_project\newwork\newwork\JAVA_2512\JAVA_2512\dist\client\FingerprintClient_IDSL_DEVICEFIX\app\tomcat\conf\logging.properties
30-Jun-2026 12:13:08.031 INFO [main] org.apache.catalina.startup.VersionLoggerListener.log Command line argument: -Djava.util.logging.manager=org.apache.juli.ClassLoaderLogManager
30-Jun-2026 12:13:08.031 INFO [main] org.apache.catalina.startup.VersionLoggerListener.log Command line argument: -Djava.library.path=D:\patratu_fina_project\newwork\newwork\JAVA_2512\JAVA_2512\dist\client\FingerprintClient_IDSL_DEVICEFIX\app\tomcat\bin
30-Jun-2026 12:13:08.031 INFO [main] org.apache.catalina.startup.VersionLoggerListener.log Command line argument: -Dsqlserver.auth.dll.path=D:\patratu_fina_project\newwork\newwork\JAVA_2512\JAVA_2512\dist\client\FingerprintClient_IDSL_DEVICEFIX\app\tomcat\bin\mssql-jdbc_auth-13.2.1.x64.dll
30-Jun-2026 12:13:08.032 INFO [main] org.apache.catalina.startup.VersionLoggerListener.log Command line argument: -Djdk.tls.ephemeralDHKeySize=2048
30-Jun-2026 12:13:08.032 INFO [main] org.apache.catalina.startup.VersionLoggerListener.log Command line argument: -Djava.protocol.handler.pkgs=org.apache.catalina.webresources
30-Jun-2026 12:13:08.032 INFO [main] org.apache.catalina.startup.VersionLoggerListener.log Command line argument: -Dsun.io.useCanonCaches=false
30-Jun-2026 12:13:08.032 INFO [main] org.apache.catalina.startup.VersionLoggerListener.log Command line argument: -Dignore.endorsed.dirs=
30-Jun-2026 12:13:08.033 INFO [main] org.apache.catalina.startup.VersionLoggerListener.log Command line argument: -Dcatalina.base=D:\patratu_fina_project\newwork\newwork\JAVA_2512\JAVA_2512\dist\client\FingerprintClient_IDSL_DEVICEFIX\app\tomcat
30-Jun-2026 12:13:08.033 INFO [main] org.apache.catalina.startup.VersionLoggerListener.log Command line argument: -Dcatalina.home=D:\patratu_fina_project\newwork\newwork\JAVA_2512\JAVA_2512\dist\client\FingerprintClient_IDSL_DEVICEFIX\app\tomcat
30-Jun-2026 12:13:08.033 INFO [main] org.apache.catalina.startup.VersionLoggerListener.log Command line argument: -Djava.io.tmpdir=D:\patratu_fina_project\newwork\newwork\JAVA_2512\JAVA_2512\dist\client\FingerprintClient_IDSL_DEVICEFIX\app\tomcat\temp
30-Jun-2026 12:13:08.558 INFO [main] org.apache.catalina.core.AprLifecycleListener.lifecycleEvent Loaded Apache Tomcat Native library [1.3.5] using APR version [1.7.6].
30-Jun-2026 12:13:08.558 INFO [main] org.apache.catalina.core.AprLifecycleListener.lifecycleEvent APR capabilities: IPv6 [true], sendfile [true], accept filters [false], random [true], UDS [true].
30-Jun-2026 12:13:08.558 INFO [main] org.apache.catalina.core.AprLifecycleListener.lifecycleEvent APR/OpenSSL configuration: useAprConnector [false], useOpenSSL [true]
30-Jun-2026 12:13:08.571 INFO [main] org.apache.catalina.core.AprLifecycleListener.initializeSSL OpenSSL successfully initialized [OpenSSL 3.0.18 30 Sep 2025]
30-Jun-2026 12:13:10.688 INFO [main] org.apache.coyote.AbstractProtocol.init Initializing ProtocolHandler ["http-nio-8080"]
30-Jun-2026 12:13:10.738 INFO [main] org.apache.catalina.startup.Catalina.load Server initialization in [3312] milliseconds
30-Jun-2026 12:13:12.634 INFO [main] org.apache.catalina.startup.VersionLoggerListener.log Server version name:   Apache Tomcat/9.0.115
30-Jun-2026 12:13:12.642 INFO [main] org.apache.catalina.startup.VersionLoggerListener.log Server built:          Jan 21 2026 08:17:26 UTC
30-Jun-2026 12:13:12.642 INFO [main] org.apache.catalina.startup.VersionLoggerListener.log Server version number: 9.0.115.0
30-Jun-2026 12:13:12.643 INFO [main] org.apache.catalina.startup.VersionLoggerListener.log OS Name:               Windows 10
30-Jun-2026 12:13:12.643 INFO [main] org.apache.catalina.startup.VersionLoggerListener.log OS Version:            10.0
30-Jun-2026 12:13:12.645 INFO [main] org.apache.catalina.startup.VersionLoggerListener.log Architecture:          amd64
30-Jun-2026 12:13:12.645 INFO [main] org.apache.catalina.startup.VersionLoggerListener.log Java Home:             D:\patratu_fina_project\newwork\newwork\JAVA_2512\JAVA_2512\dist\client\FingerprintClient_IDSL_DEVICEFIX\app\jre
30-Jun-2026 12:13:12.645 INFO [main] org.apache.catalina.startup.VersionLoggerListener.log JVM Version:           1.8.0_202-b08
30-Jun-2026 12:13:12.645 INFO [main] org.apache.catalina.startup.VersionLoggerListener.log JVM Vendor:            Oracle Corporation
30-Jun-2026 12:13:12.646 INFO [main] org.apache.catalina.startup.VersionLoggerListener.log CATALINA_BASE:         D:\patratu_fina_project\newwork\newwork\JAVA_2512\JAVA_2512\dist\client\FingerprintClient_IDSL_DEVICEFIX\app\tomcat
30-Jun-2026 12:13:12.646 INFO [main] org.apache.catalina.startup.VersionLoggerListener.log CATALINA_HOME:         D:\patratu_fina_project\newwork\newwork\JAVA_2512\JAVA_2512\dist\client\FingerprintClient_IDSL_DEVICEFIX\app\tomcat
30-Jun-2026 12:13:12.649 INFO [main] org.apache.catalina.startup.VersionLoggerListener.log Command line argument: -Djava.util.logging.config.file=D:\patratu_fina_project\newwork\newwork\JAVA_2512\JAVA_2512\dist\client\FingerprintClient_IDSL_DEVICEFIX\app\tomcat\conf\logging.properties
30-Jun-2026 12:13:12.649 INFO [main] org.apache.catalina.startup.VersionLoggerListener.log Command line argument: -Djava.util.logging.manager=org.apache.juli.ClassLoaderLogManager
30-Jun-2026 12:13:12.650 INFO [main] org.apache.catalina.startup.VersionLoggerListener.log Command line argument: -Djava.library.path=D:\patratu_fina_project\newwork\newwork\JAVA_2512\JAVA_2512\dist\client\FingerprintClient_IDSL_DEVICEFIX\app\tomcat\bin
30-Jun-2026 12:13:12.650 INFO [main] org.apache.catalina.startup.VersionLoggerListener.log Command line argument: -Dsqlserver.auth.dll.path=D:\patratu_fina_project\newwork\newwork\JAVA_2512\JAVA_2512\dist\client\FingerprintClient_IDSL_DEVICEFIX\app\tomcat\bin\mssql-jdbc_auth-13.2.1.x64.dll
30-Jun-2026 12:13:12.651 INFO [main] org.apache.catalina.startup.VersionLoggerListener.log Command line argument: -Djdk.tls.ephemeralDHKeySize=2048
30-Jun-2026 12:13:12.651 INFO [main] org.apache.catalina.startup.VersionLoggerListener.log Command line argument: -Djava.protocol.handler.pkgs=org.apache.catalina.webresources
30-Jun-2026 12:13:12.651 INFO [main] org.apache.catalina.startup.VersionLoggerListener.log Command line argument: -Dsun.io.useCanonCaches=false
30-Jun-2026 12:13:12.652 INFO [main] org.apache.catalina.startup.VersionLoggerListener.log Command line argument: -Djava.library.path=D:\patratu_fina_project\newwork\newwork\JAVA_2512\JAVA_2512\dist\client\FingerprintClient_IDSL_DEVICEFIX\app\tomcat\bin
30-Jun-2026 12:13:12.652 INFO [main] org.apache.catalina.startup.VersionLoggerListener.log Command line argument: -Dsqlserver.auth.dll.path=D:\patratu_fina_project\newwork\newwork\JAVA_2512\JAVA_2512\dist\client\FingerprintClient_IDSL_DEVICEFIX\app\tomcat\bin\mssql-jdbc_auth-13.2.1.x64.dll
30-Jun-2026 12:13:12.653 INFO [main] org.apache.catalina.startup.VersionLoggerListener.log Command line argument: -Dignore.endorsed.dirs=
30-Jun-2026 12:13:12.653 INFO [main] org.apache.catalina.startup.VersionLoggerListener.log Command line argument: -Dcatalina.base=D:\patratu_fina_project\newwork\newwork\JAVA_2512\JAVA_2512\dist\client\FingerprintClient_IDSL_DEVICEFIX\app\tomcat
30-Jun-2026 12:13:12.653 INFO [main] org.apache.catalina.startup.VersionLoggerListener.log Command line argument: -Dcatalina.home=D:\patratu_fina_project\newwork\newwork\JAVA_2512\JAVA_2512\dist\client\FingerprintClient_IDSL_DEVICEFIX\app\tomcat
30-Jun-2026 12:13:12.654 INFO [main] org.apache.catalina.startup.VersionLoggerListener.log Command line argument: -Djava.io.tmpdir=D:\patratu_fina_project\newwork\newwork\JAVA_2512\JAVA_2512\dist\client\FingerprintClient_IDSL_DEVICEFIX\app\tomcat\temp
30-Jun-2026 12:13:12.666 INFO [main] org.apache.catalina.core.AprLifecycleListener.lifecycleEvent Loaded Apache Tomcat Native library [1.3.5] using APR version [1.7.6].
30-Jun-2026 12:13:12.666 INFO [main] org.apache.catalina.core.AprLifecycleListener.lifecycleEvent APR capabilities: IPv6 [true], sendfile [true], accept filters [false], random [true], UDS [true].
30-Jun-2026 12:13:12.667 INFO [main] org.apache.catalina.core.AprLifecycleListener.lifecycleEvent APR/OpenSSL configuration: useAprConnector [false], useOpenSSL [true]
30-Jun-2026 12:13:12.689 INFO [main] org.apache.catalina.core.AprLifecycleListener.initializeSSL OpenSSL successfully initialized [OpenSSL 3.0.18 30 Sep 2025]
30-Jun-2026 12:13:13.494 INFO [main] org.apache.coyote.AbstractProtocol.init Initializing ProtocolHandler ["http-nio-8080"]
30-Jun-2026 12:13:13.547 INFO [main] org.apache.catalina.startup.Catalina.load Server initialization in [1380] milliseconds
30-Jun-2026 12:13:13.637 INFO [main] org.apache.catalina.core.StandardService.startInternal Starting service [Catalina]
30-Jun-2026 12:13:13.637 INFO [main] org.apache.catalina.core.StandardEngine.startInternal Starting Servlet engine: [Apache Tomcat/9.0.115]
30-Jun-2026 12:13:13.723 INFO [main] org.apache.catalina.startup.HostConfig.deployWAR Deploying web application archive [D:\patratu_fina_project\newwork\newwork\JAVA_2512\JAVA_2512\dist\client\FingerprintClient_IDSL_DEVICEFIX\app\tomcat\webapps\demo.war]
30-Jun-2026 12:13:13.824 INFO [main] org.apache.catalina.startup.ExpandWar.expand An expanded directory [D:\patratu_fina_project\newwork\newwork\JAVA_2512\JAVA_2512\dist\client\FingerprintClient_IDSL_DEVICEFIX\app\tomcat\webapps\demo] was found with a last modified time that did not match the associated WAR. It will be deleted.
30-Jun-2026 12:13:25.809 INFO [main] org.apache.jasper.servlet.TldScanner.scanJars At least one JAR was scanned for TLDs yet contained no TLDs. Enable debug logging for this logger for a complete list of JARs that were scanned but no TLDs were found in them. Skipping unneeded JARs during scanning can improve startup time and JSP compilation time.
30-Jun-2026 12:13:33.870 WARNING [main] org.apache.catalina.util.SessionIdGeneratorBase.createSecureRandom Creation of SecureRandom instance for session ID generation using [SHA1PRNG] took [1,147] milliseconds.
30-Jun-2026 12:13:35.536 INFO [main] org.apache.catalina.startup.HostConfig.deployWAR Deployment of web application archive [D:\patratu_fina_project\newwork\newwork\JAVA_2512\JAVA_2512\dist\client\FingerprintClient_IDSL_DEVICEFIX\app\tomcat\webapps\demo.war] has finished in [21,814] ms
30-Jun-2026 12:13:35.538 INFO [main] org.apache.catalina.startup.HostConfig.deployDirectory Deploying web application directory [D:\patratu_fina_project\newwork\newwork\JAVA_2512\JAVA_2512\dist\client\FingerprintClient_IDSL_DEVICEFIX\app\tomcat\webapps\docs]
30-Jun-2026 12:13:35.626 INFO [main] org.apache.catalina.startup.HostConfig.deployDirectory Deployment of web application directory [D:\patratu_fina_project\newwork\newwork\JAVA_2512\JAVA_2512\dist\client\FingerprintClient_IDSL_DEVICEFIX\app\tomcat\webapps\docs] has finished in [88] ms
30-Jun-2026 12:13:35.627 INFO [main] org.apache.catalina.startup.HostConfig.deployDirectory Deploying web application directory [D:\patratu_fina_project\newwork\newwork\JAVA_2512\JAVA_2512\dist\client\FingerprintClient_IDSL_DEVICEFIX\app\tomcat\webapps\examples]
30-Jun-2026 12:13:38.609 INFO [main] org.apache.catalina.startup.HostConfig.deployDirectory Deployment of web application directory [D:\patratu_fina_project\newwork\newwork\JAVA_2512\JAVA_2512\dist\client\FingerprintClient_IDSL_DEVICEFIX\app\tomcat\webapps\examples] has finished in [2,982] ms
30-Jun-2026 12:13:38.610 INFO [main] org.apache.catalina.startup.HostConfig.deployDirectory Deploying web application directory [D:\patratu_fina_project\newwork\newwork\JAVA_2512\JAVA_2512\dist\client\FingerprintClient_IDSL_DEVICEFIX\app\tomcat\webapps\host-manager]
30-Jun-2026 12:13:38.717 INFO [main] org.apache.catalina.startup.HostConfig.deployDirectory Deployment of web application directory [D:\patratu_fina_project\newwork\newwork\JAVA_2512\JAVA_2512\dist\client\FingerprintClient_IDSL_DEVICEFIX\app\tomcat\webapps\host-manager] has finished in [107] ms
30-Jun-2026 12:13:38.718 INFO [main] org.apache.catalina.startup.HostConfig.deployDirectory Deploying web application directory [D:\patratu_fina_project\newwork\newwork\JAVA_2512\JAVA_2512\dist\client\FingerprintClient_IDSL_DEVICEFIX\app\tomcat\webapps\manager]
30-Jun-2026 12:13:38.811 INFO [main] org.apache.catalina.startup.HostConfig.deployDirectory Deployment of web application directory [D:\patratu_fina_project\newwork\newwork\JAVA_2512\JAVA_2512\dist\client\FingerprintClient_IDSL_DEVICEFIX\app\tomcat\webapps\manager] has finished in [93] ms
30-Jun-2026 12:13:38.812 INFO [main] org.apache.catalina.startup.HostConfig.deployDirectory Deploying web application directory [D:\patratu_fina_project\newwork\newwork\JAVA_2512\JAVA_2512\dist\client\FingerprintClient_IDSL_DEVICEFIX\app\tomcat\webapps\ROOT]
30-Jun-2026 12:13:38.889 INFO [main] org.apache.catalina.startup.HostConfig.deployDirectory Deployment of web application directory [D:\patratu_fina_project\newwork\newwork\JAVA_2512\JAVA_2512\dist\client\FingerprintClient_IDSL_DEVICEFIX\app\tomcat\webapps\ROOT] has finished in [76] ms
30-Jun-2026 12:13:38.897 INFO [main] org.apache.coyote.AbstractProtocol.start Starting ProtocolHandler ["http-nio-8080"]
30-Jun-2026 12:13:38.919 INFO [main] org.apache.catalina.startup.Catalina.start Server startup in [25370] milliseconds
